<html>
<body>
<pre>
<h1>µVision Build Log</h1>
<h2>Tool Versions:</h2>
IDE-Version: ¶ÃVision V5.25.2.0
Copyright (C) 2018 ARM Ltd and ARM Germany GmbH. All rights reserved.
License Information: a Œ¢»Ì, a, LIC=VGX63-A3JRF-LCSJF-62WYP-K3DTM-F1M9L
 
Tool Versions:
Toolchain:       MDK-ARM Plus  Version: 5.25.2.0
Toolchain Path:  C:\Keil_v5\ARM\ARMCC\Bin
C Compiler:      Armcc.exe V5.06 update 6 (build 750)
Assembler:       Armasm.exe V5.06 update 6 (build 750)
Linker/Locator:  ArmLink.exe V5.06 update 6 (build 750)
Library Manager: ArmAr.exe V5.06 update 6 (build 750)
Hex Converter:   FromElf.exe V5.06 update 6 (build 750)
CPU DLL:         SARMCM3.DLL V5.25.2.0
Dialog DLL:      DARMCM1.DLL V1.19.1.0
Target DLL:      UL2CM3.DLL V1.160.12.0
Dialog DLL:      TARMCM1.DLL V1.14.0.0
 
<h2>Project:</h2>
C:\Users\Œ¢»Ì\Documents\GitHub\LTBL-ESC\LTBL_V1.3_STM32F051K6_DEMO\proj.uvprojx
Project File Date:  01/28/2020

<h2>Output:</h2>
*** Using Compiler 'V5.06 update 6 (build 750)', folder: 'C:\Keil_v5\ARM\ARMCC\Bin'
Build target 'LTBL Demo'
compiling config.cpp...
compiling ltbl_signal.c...
compiling Identification.cpp...
compiling ltbl_pwm.c...
compiling ltbl_dshot.c...
compiling main.cpp...
compiling stm32f0xx_adc.c...
compiling stm32f0xx_cec.c...
compiling stm32f0xx_comp.c...
compiling stm32f0xx_dac.c...
compiling stm32f0xx_crc.c...
compiling ltbl.c...
compiling stm32f0xx_dbgmcu.c...
compiling stm32f0xx_dma.c...
compiling stm32f0xx_exti.c...
compiling stm32f0xx_flash.c...
compiling stm32f0xx_misc.c...
compiling stm32f0xx_iwdg.c...
compiling stm32f0xx_gpio.c...
compiling stm32f0xx_i2c.c...
compiling stm32f0xx_pwr.c...
compiling stm32f0xx_rcc.c...
compiling stm32f0xx_syscfg.c...
compiling stm32f0xx_wwdg.c...
compiling stm32f0xx_spi.c...
compiling stm32f0xx_usart.c...
compiling stm32f0xx_rtc.c...
compiling HardwareSerial.cpp...
compiling Print.cpp...
compiling stm32f0xx_tim.c...
compiling WMath.cpp...
compiling dtostrf.c...
compiling Tone.cpp...
compiling SPI.cpp...
compiling Stream.cpp...
compiling Wire.cpp...
compiling WString.cpp...
compiling WireBase.cpp...
compiling itoa.c...
compiling Arduino.c...
assembling startup_stm32f0xx.s...
compiling delay.c...
compiling adc.c...
compiling gpio.c...
compiling pwm.c...
compiling exti.c...
compiling timer.c...
compiling system_stm32f0xx.c...
linking...
Program Size: Code=24296 RO-data=2436 RW-data=236 ZI-data=3060  
".\Objects\proj.axf" - 0 Error(s), 0 Warning(s).

<h2>Software Packages used:</h2>

Package Vendor: ARM
                http://www.keil.com/pack/ARM.CMSIS.5.3.0.pack
                ARM.CMSIS.5.3.0
                CMSIS (Cortex Microcontroller Software Interface Standard)
   * Component: CORE Version: 5.1.1

Package Vendor: Keil
                http://www.keil.com/pack/Keil.STM32F0xx_DFP.1.0.1.pack
                Keil.STM32F0xx_DFP.1.0.1
                STMicroelectronics STM32F0 Series Device Support and Examples

<h2>Collection of Component include folders:</h2>
  .\RTE\_LTBL_Demo
  C:\Keil_v5\ARM\PACK\ARM\CMSIS\5.3.0\CMSIS\Include
  C:\Keil_v5\ARM\PACK\Keil\STM32F0xx_DFP\1.0.1\Device\Include

<h2>Collection of Component Files used:</h2>

   * Component: ARM::CMSIS:CORE:5.1.1
Build Time Elapsed:  00:00:07
</pre>
</body>
</html>
