Component: ARM Compiler 5.06 update 6 (build 750) Tool: armlink [4d35ed]

==============================================================================

Section Cross References

    main.o(i._Z16Motor_Commucatedv) refers to delay.o(i.millis) for millis
    main.o(i._Z16Motor_Commucatedv) refers to ltbl.o(i.LTBL_SetMode) for LTBL_SetMode
    main.o(i._Z16Motor_Commucatedv) refers to ltbl.o(i.LTBL_UpdateThrottle) for LTBL_UpdateThrottle
    main.o(i._Z16Motor_Commucatedv) refers to ltbl.o(i.LTBL_GetStabilityStep) for LTBL_GetStabilityStep
    main.o(i._Z16Motor_Commucatedv) refers to main.o(.data) for .data
    main.o(i._Z16Motor_Commucatedv) refers to gpio.o(.constdata) for PIN_MAP
    main.o(i._Z19InternalClocks_Initv) refers to stm32f0xx_rcc.o(i.RCC_SYSCLKConfig) for RCC_SYSCLKConfig
    main.o(i._Z19InternalClocks_Initv) refers to stm32f0xx_rcc.o(i.RCC_GetSYSCLKSource) for RCC_GetSYSCLKSource
    main.o(i._Z19InternalClocks_Initv) refers to stm32f0xx_rcc.o(i.RCC_HCLKConfig) for RCC_HCLKConfig
    main.o(i._Z19InternalClocks_Initv) refers to stm32f0xx_rcc.o(i.RCC_PCLKConfig) for RCC_PCLKConfig
    main.o(i._Z19InternalClocks_Initv) refers to stm32f0xx_rcc.o(i.RCC_PLLCmd) for RCC_PLLCmd
    main.o(i._Z19InternalClocks_Initv) refers to stm32f0xx_rcc.o(i.RCC_HSICmd) for RCC_HSICmd
    main.o(i._Z19InternalClocks_Initv) refers to stm32f0xx_rcc.o(i.RCC_PLLConfig) for RCC_PLLConfig
    main.o(i._Z19InternalClocks_Initv) refers to stm32f0xx_rcc.o(i.RCC_GetFlagStatus) for RCC_GetFlagStatus
    main.o(i._Z19InternalClocks_Initv) refers to arduino.o(i.pinMode) for pinMode
    main.o(i._Z19InternalClocks_Initv) refers to gpio.o(.constdata) for PIN_MAP
    main.o(i._Z19Signal_PWM_Capturedi) refers to delay.o(i.millis) for millis
    main.o(i._Z19Signal_PWM_Capturedi) refers to ltbl.o(i.LTBL_GetAvgCommInterval) for LTBL_GetAvgCommInterval
    main.o(i._Z19Signal_PWM_Capturedi) refers to dflti.o(.text) for __aeabi_i2d
    main.o(i._Z19Signal_PWM_Capturedi) refers to ddiv.o(.text) for __aeabi_ddiv
    main.o(i._Z19Signal_PWM_Capturedi) refers to dfixi.o(.text) for __aeabi_d2iz
    main.o(i._Z19Signal_PWM_Capturedi) refers to arduino.o(i.map) for map
    main.o(i._Z19Signal_PWM_Capturedi) refers to ltbl.o(i.LTBL_SetMode) for LTBL_SetMode
    main.o(i._Z19Signal_PWM_Capturedi) refers to identification.o(i._Z31Identification_GetBrakeThrottlesj) for Identification_GetBrakeThrottle(short, unsigned)
    main.o(i._Z19Signal_PWM_Capturedi) refers to ltbl.o(i.LTBL_UpdateThrottle) for LTBL_UpdateThrottle
    main.o(i._Z19Signal_PWM_Capturedi) refers to main.o(.data) for .data
    main.o(i._Z20Motor_BeginCalibratev) refers to ltbl.o(i.LTBL_Tone) for LTBL_Tone
    main.o(i._Z20Motor_BeginCalibratev) refers to delay.o(i.delay_ms) for delay_ms
    main.o(i._Z20Motor_BeginCalibratev) refers to delay.o(i.millis) for millis
    main.o(i._Z20Motor_BeginCalibratev) refers to ltbl_signal.o(i.LTBL_SIGNAL_GetThrottleState) for LTBL_SIGNAL_GetThrottleState
    main.o(i._Z20Motor_BeginCalibratev) refers to identification.o(i._Z20Identification_Beginv) for Identification_Begin()
    main.o(i._Z21Signal_DSHOT_CapturediPh) refers to main.o(i._Z19Signal_PWM_Capturedi) for Signal_PWM_Captured(int)
    main.o(i._Z22Motor_PlayStartupMusicv) refers to ltbl.o(i.LTBL_Tone) for LTBL_Tone
    main.o(i._Z22Motor_PlayStartupMusicv) refers to delay.o(i.delay_ms) for delay_ms
    main.o(i._Z25Motor_PlayLoadFailedMusicv) refers to ltbl.o(i.LTBL_Tone) for LTBL_Tone
    main.o(i._Z25Motor_PlayLoadFailedMusicv) refers to delay.o(i.delay_ms) for delay_ms
    main.o(i._Z26Motor_PlaySignalResetMusicv) refers to ltbl.o(i.LTBL_Tone) for LTBL_Tone
    main.o(i._Z26Motor_PlaySignalResetMusicv) refers to delay.o(i.delay_ms) for delay_ms
    main.o(i._Z27Motor_PlaySignalDetectMusicv) refers to ltbl.o(i.LTBL_Tone) for LTBL_Tone
    main.o(i._Z27Motor_PlaySignalDetectMusicv) refers to delay.o(i.delay_ms) for delay_ms
    main.o(i._Z27ThrottleGenerator_ForceModes) refers to ltbl.o(i.LTBL_GetAvgCommInterval) for LTBL_GetAvgCommInterval
    main.o(i._Z27ThrottleGenerator_ForceModes) refers to identification.o(i._Z32Identification_GetCommonThrottlej) for Identification_GetCommonThrottle(unsigned)
    main.o(i._Z27ThrottleGenerator_ForceModes) refers to ltbl.o(i.LTBL_GetStabilityStep) for LTBL_GetStabilityStep
    main.o(i._Z29Motor_PlayCalibrateAbortMusicv) refers to ltbl.o(i.LTBL_Tone) for LTBL_Tone
    main.o(i._Z29Motor_PlayCalibrateAbortMusicv) refers to delay.o(i.delay_ms) for delay_ms
    main.o(i._Z29Motor_PlayCalibrateBeginMusicv) refers to ltbl.o(i.LTBL_Tone) for LTBL_Tone
    main.o(i._Z29Motor_PlayCalibrateBeginMusicv) refers to delay.o(i.delay_ms) for delay_ms
    main.o(i._Z31Motor_PlayCalibratePrepareMusicv) refers to ltbl.o(i.LTBL_Tone) for LTBL_Tone
    main.o(i._Z31Motor_PlayCalibratePrepareMusicv) refers to delay.o(i.delay_ms) for delay_ms
    main.o(i.__sti___8_main_cpp_d405580c) refers to delay.o(i.millis) for millis
[...]
    i.TIMx_Init                              0x08002d9c   Section        0  pwm.o(i.TIMx_Init)
    i.USART1_IRQHandler                      0x08002ebc   Section        0  hardwareserial.o(i.USART1_IRQHandler)
    i.USART2_IRQHandler                      0x08002f08   Section        0  hardwareserial.o(i.USART2_IRQHandler)
    i.USART_ClearITPendingBit                0x08002f54   Section        0  stm32f0xx_usart.o(i.USART_ClearITPendingBit)
    i.USART_GetITStatus                      0x08002f5e   Section        0  stm32f0xx_usart.o(i.USART_GetITStatus)
    i.USART_ReceiveData                      0x08002f9a   Section        0  stm32f0xx_usart.o(i.USART_ReceiveData)
    i._Z11commHandlerv                       0x08002fa4   Section        0  identification.o(i._Z11commHandlerv)
    commHandler()                            0x08002fa5   Thumb Code   354  identification.o(i._Z11commHandlerv)
    i._Z15Config_LoadDatav                   0x08003118   Section        0  config.o(i._Z15Config_LoadDatav)
    i._Z15Config_SaveDatav                   0x080031b0   Section        0  config.o(i._Z15Config_SaveDatav)
    i._Z16Motor_Commucatedv                  0x0800324c   Section        0  main.o(i._Z16Motor_Commucatedv)
    i._Z19Config_RegesterDataPvj             0x080032f4   Section        0  config.o(i._Z19Config_RegesterDataPvj)
    i._Z19Identification_Initv               0x0800331c   Section        0  identification.o(i._Z19Identification_Initv)
    i._Z19Signal_PWM_Capturedi               0x08003338   Section        0  main.o(i._Z19Signal_PWM_Capturedi)
    i._Z20Identification_Beginv              0x08003408   Section        0  identification.o(i._Z20Identification_Beginv)
    i._Z21Signal_DSHOT_CapturediPh           0x08003454   Section        0  main.o(i._Z21Signal_DSHOT_CapturediPh)
    i._Z21ltblPWMSignalCapturedi             0x0800345c   Section        0  identification.o(i._Z21ltblPWMSignalCapturedi)
    ltblPWMSignalCaptured(int)               0x0800345d   Thumb Code    62  identification.o(i._Z21ltblPWMSignalCapturedi)
    i._Z23ltblDshotSignalCapturediPh         0x080034a0   Section        0  identification.o(i._Z23ltblDshotSignalCapturediPh)
    ltblDshotSignalCaptured(int, unsigned char*) 0x080034a1   Thumb Code    62  identification.o(i._Z23ltblDshotSignalCapturediPh)
    i._Z31Identification_GetBrakeThrottlesj  0x080034e4   Section        0  identification.o(i._Z31Identification_GetBrakeThrottlesj)
    i._Z32Identification_GetCommonThrottlej  0x08003538   Section        0  identification.o(i._Z32Identification_GetCommonThrottlej)
    i._ZN7TwoWireD1Ev                        0x080035dc   Section        0  wire.o(i._ZN7TwoWireD1Ev)
    i.__cxa_guard_acquire                    0x080035f0   Section        0  cxa_guard_acquire.o(i.__cxa_guard_acquire)
    i.__sti___18_HardwareSerial_cpp_cfa1b6a6 0x08003604   Section        0  hardwareserial.o(i.__sti___18_HardwareSerial_cpp_cfa1b6a6)
    __sti___18_HardwareSerial_cpp_cfa1b6a6   0x08003605   Thumb Code    42  hardwareserial.o(i.__sti___18_HardwareSerial_cpp_cfa1b6a6)
    i.__sti___7_SPI_cpp_ce5662b4             0x08003644   Section        0  spi.o(i.__sti___7_SPI_cpp_ce5662b4)
    __sti___7_SPI_cpp_ce5662b4               0x08003645   Thumb Code    14  spi.o(i.__sti___7_SPI_cpp_ce5662b4)
    i.__sti___8_Wire_cpp_928ee5ff            0x08003664   Section        0  wire.o(i.__sti___8_Wire_cpp_928ee5ff)
    __sti___8_Wire_cpp_928ee5ff              0x08003665   Thumb Code    34  wire.o(i.__sti___8_Wire_cpp_928ee5ff)
    i.__sti___8_main_cpp_d405580c            0x08003698   Section        0  main.o(i.__sti___8_main_cpp_d405580c)
    __sti___8_main_cpp_d405580c              0x08003699   Thumb Code    24  main.o(i.__sti___8_main_cpp_d405580c)
    i.delay_ms                               0x080036b4   Section        0  delay.o(i.delay_ms)
    i.delay_us                               0x080036c8   Section        0  delay.o(i.delay_us)
    i.ltblBrakeModeStep0                     0x08003714   Section        0  ltbl.o(i.ltblBrakeModeStep0)
    i.ltblBrakeModeStep1                     0x08003800   Section        0  ltbl.o(i.ltblBrakeModeStep1)
    i.ltblBrakeModeStep2                     0x080038ec   Section        0  ltbl.o(i.ltblBrakeModeStep2)
    i.ltblBrakeModeStep3                     0x080039d8   Section        0  ltbl.o(i.ltblBrakeModeStep3)
    i.ltblBrakeModeStep4                     0x08003ac4   Section        0  ltbl.o(i.ltblBrakeModeStep4)
    i.ltblBrakeModeStep5                     0x08003bb0   Section        0  ltbl.o(i.ltblBrakeModeStep5)
    i.ltblDshotSignalCaptured                0x08003c9c   Section        0  ltbl_signal.o(i.ltblDshotSignalCaptured)
    ltblDshotSignalCaptured                  0x08003c9d   Thumb Code    12  ltbl_signal.o(i.ltblDshotSignalCaptured)
    i.ltblEnablePWM                          0x08003cb0   Section        0  ltbl.o(i.ltblEnablePWM)
    ltblEnablePWM                            0x08003cb1   Thumb Code    96  ltbl.o(i.ltblEnablePWM)
    i.ltblFreeModeStep0                      0x08003d18   Section        0  ltbl.o(i.ltblFreeModeStep0)
    i.ltblFreeModeStep1                      0x08003e00   Section        0  ltbl.o(i.ltblFreeModeStep1)
    i.ltblFreeModeStep2                      0x08003eec   Section        0  ltbl.o(i.ltblFreeModeStep2)
    i.ltblFreeModeStep3                      0x08003fd8   Section        0  ltbl.o(i.ltblFreeModeStep3)
    i.ltblFreeModeStep4                      0x080040c4   Section        0  ltbl.o(i.ltblFreeModeStep4)
    i.ltblFreeModeStep5                      0x080041ac   Section        0  ltbl.o(i.ltblFreeModeStep5)
    i.ltblGetPhaseValue                      0x08004298   Section        0  ltbl.o(i.ltblGetPhaseValue)
    i.ltblNormalModeStep0                    0x0800451c   Section        0  ltbl.o(i.ltblNormalModeStep0)
    i.ltblNormalModeStep1                    0x08004608   Section        0  ltbl.o(i.ltblNormalModeStep1)
    i.ltblNormalModeStep2                    0x080046f4   Section        0  ltbl.o(i.ltblNormalModeStep2)
    i.ltblNormalModeStep3                    0x080047e0   Section        0  ltbl.o(i.ltblNormalModeStep3)
    i.ltblNormalModeStep4                    0x080048cc   Section        0  ltbl.o(i.ltblNormalModeStep4)
    i.ltblNormalModeStep5                    0x080049b8   Section        0  ltbl.o(i.ltblNormalModeStep5)
    i.ltblPWMSignalCaptured                  0x08004aa4   Section        0  ltbl_signal.o(i.ltblPWMSignalCaptured)
    ltblPWMSignalCaptured                    0x08004aa5   Thumb Code    12  ltbl_signal.o(i.ltblPWMSignalCaptured)
    i.ltblPinToAF                            0x08004ab8   Section        0  ltbl.o(i.ltblPinToAF)
    ltblPinToAF                              0x08004ab9   Thumb Code    74  ltbl.o(i.ltblPinToAF)
    i.ltblPinToPP                            0x08004b10   Section        0  ltbl.o(i.ltblPinToPP)
    ltblPinToPP                              0x08004b11   Thumb Code    60  ltbl.o(i.ltblPinToPP)
    i.ltblReverseModeStep0                   0x08004b54   Section        0  ltbl.o(i.ltblReverseModeStep0)
    i.ltblReverseModeStep1                   0x08004c40   Section        0  ltbl.o(i.ltblReverseModeStep1)
    i.ltblReverseModeStep2                   0x08004d2c   Section        0  ltbl.o(i.ltblReverseModeStep2)
    i.ltblReverseModeStep3                   0x08004e18   Section        0  ltbl.o(i.ltblReverseModeStep3)
    i.ltblReverseModeStep4                   0x08004f04   Section        0  ltbl.o(i.ltblReverseModeStep4)
    i.ltblReverseModeStep5                   0x08004ff0   Section        0  ltbl.o(i.ltblReverseModeStep5)
    i.ltblStartup1ModeStep0                  0x080050dc   Section        0  ltbl.o(i.ltblStartup1ModeStep0)
    i.ltblStartup1ModeStep1                  0x080052b4   Section        0  ltbl.o(i.ltblStartup1ModeStep1)
    i.ltblStartup1ModeStep2                  0x0800548c   Section        0  ltbl.o(i.ltblStartup1ModeStep2)
    i.ltblStartup1ModeStep3                  0x08005664   Section        0  ltbl.o(i.ltblStartup1ModeStep3)
    i.ltblStartup1ModeStep4                  0x0800583c   Section        0  ltbl.o(i.ltblStartup1ModeStep4)
    i.ltblStartup1ModeStep5                  0x08005a14   Section        0  ltbl.o(i.ltblStartup1ModeStep5)
    i.ltblUpdateThrottleBrake                0x08005bec   Section        0  ltbl.o(i.ltblUpdateThrottleBrake)
    i.ltblUpdateThrottleFree                 0x08005bf8   Section        0  ltbl.o(i.ltblUpdateThrottleFree)
    i.ltblUpdateThrottleNormal               0x08005c04   Section        0  ltbl.o(i.ltblUpdateThrottleNormal)
    i.ltblUpdateThrottleReverse              0x08005c30   Section        0  ltbl.o(i.ltblUpdateThrottleReverse)
    i.ltblUpdateThrottleStartup1             0x08005c5c   Section        0  ltbl.o(i.ltblUpdateThrottleStartup1)
    i.main                                   0x08005c78   Section        0  main.o(i.main)
    i.map                                    0x08005f54   Section        0  arduino.o(i.map)
    i.millis                                 0x08005f6c   Section        0  delay.o(i.millis)
    i.pinMode                                0x08005f78   Section        0  arduino.o(i.pinMode)
    .constdata                               0x08005fa8   Section       92  ltbl.o(.constdata)
    x$fpl$usenofp                            0x08005fa8   Section        0  usenofp.o(x$fpl$usenofp)
    ltblRccPeriphals                         0x08005fa8   Data          52  ltbl.o(.constdata)
    ltblPin                                  0x08005fdc   Data          40  ltbl.o(.constdata)
    .constdata                               0x08006004   Section        4  ltbl.o(.constdata)
    .constdata                               0x08006008   Section     1920  gpio.o(.constdata)
    .constdata                               0x08006788   Section      128  ddiv.o(.constdata)
    ddiv_reciptbl                            0x08006788   Data         128  ddiv.o(.constdata)
    .constdata__ZTV14HardwareSerial          0x08006808   Section       36  hardwareserial.o(.constdata__ZTV14HardwareSerial)
    .constdata__ZTV7TwoWire                  0x0800682c   Section       16  wire.o(.constdata__ZTV7TwoWire)
    .init_array                              0x0800685c   Section        4  main.o(.init_array)
    .init_array                              0x08006860   Section        4  hardwareserial.o(.init_array)
    .init_array                              0x08006864   Section        4  spi.o(.init_array)
    .init_array                              0x08006868   Section        4  wire.o(.init_array)
    .init_array                              0x0800686c   Section        0  init_aeabi.o(.init_array)
    .data                                    0x20000000   Section       32  main.o(.data)
    IsCalibrated                             0x20000000   Data           1  main.o(.data)
    startupStatus                            0x20000001   Data           1  main.o(.data)
    _ZGVlastNotResetMS                       0x20000004   Data           4  main.o(.data)
    lastNotResetMS                           0x20000008   Data           4  main.o(.data)
    lastCapMS                                0x20000010   Data           8  main.o(.data)
    lastWorkMS                               0x20000018   Data           8  main.o(.data)
    .data                                    0x20000020   Section        4  config.o(.data)
    DataCount                                0x20000020   Data           4  config.o(.data)
    .data                                    0x20000024   Section       84  ltbl.o(.data)
    ltblCurrentMode                          0x20000025   Data           1  ltbl.o(.data)
    ltblPhaseMinIndex                        0x20000026   Data           1  ltbl.o(.data)
    ltblLastThrottle                         0x20000028   Data           2  ltbl.o(.data)
    ltblStep                                 0x2000002a   Data           2  ltbl.o(.data)
    verTimeout                               0x20000040   Data           4  ltbl.o(.data)
    verMin                                   0x20000044   Data           4  ltbl.o(.data)
    commTimeout                              0x20000048   Data           4  ltbl.o(.data)
    ltblPhaseMin                             0x2000004c   Data           4  ltbl.o(.data)
    ltblGPIOx                                0x20000050   Data          40  ltbl.o(.data)
    .data                                    0x20000078   Section        4  ltbl.o(.data)
    .data                                    0x2000007c   Section        4  ltbl.o(.data)
    .data                                    0x20000080   Section       12  ltbl_signal.o(.data)
    ltblPWMSignalLastCapMS                   0x20000080   Data           4  ltbl_signal.o(.data)
    ltblDshotSignalLastCapMS                 0x20000084   Data           4  ltbl_signal.o(.data)
    ltblSignalCrtThrottle                    0x20000088   Data           4  ltbl_signal.o(.data)
    .data                                    0x2000008c   Section       24  ltbl_dshot.o(.data)
    ltblDshotInit                            0x2000008c   Data           1  ltbl_dshot.o(.data)
    ltblDMAx                                 0x20000090   Data           4  ltbl_dshot.o(.data)
    LTBL_DSHOT_Captured                      0x20000094   Data           4  ltbl_dshot.o(.data)
    .data                                    0x200000a4   Section       20  ltbl_pwm.o(.data)
    ltblPWMInit                              0x200000a4   Data           1  ltbl_pwm.o(.data)
    captureStatus                            0x200000a5   Data           1  ltbl_pwm.o(.data)
    LTBL_PWM_Captured                        0x200000a8   Data           4  ltbl_pwm.o(.data)
    ltblThrottle                             0x200000ac   Data           4  ltbl_pwm.o(.data)
    ltblPWMWidth                             0x200000b0   Data           4  ltbl_pwm.o(.data)
    ltblPWMLastVal                           0x200000b4   Data           4  ltbl_pwm.o(.data)
    .data                                    0x200000b8   Section       28  identification.o(.data)
    identStage                               0x200000b8   Data           4  identification.o(.data)
    lastCapturedMS                           0x200000bc   Data           4  identification.o(.data)
    lastCommHandler                          0x200000c0   Data           4  identification.o(.data)
    lastPWMHandler                           0x200000c4   Data           4  identification.o(.data)
    lastDshotHandler                         0x200000c8   Data           4  identification.o(.data)
    stage                                    0x200000cc   Data           4  identification.o(.data)
    beginMS                                  0x200000d0   Data           4  identification.o(.data)
    .data                                    0x200000d4   Section        4  delay.o(.data)
    .data                                    0x200000d8   Section       20  system_stm32f0xx.o(.data)
    .bss                                     0x200000ec   Section      256  config.o(.bss)
    DataAddr                                 0x200000ec   Data         128  config.o(.bss)
    DataLength                               0x2000016c   Data         128  config.o(.bss)
    .bss                                     0x200001ec   Section      228  ltbl.o(.bss)
    ltblPhaseValue                           0x200001ec   Data          12  ltbl.o(.bss)
    ltblPinSource                            0x200001f8   Data          24  ltbl.o(.bss)
    ltblStepFloatCCER                        0x20000210   Data          14  ltbl.o(.bss)
    ltblBrakeModeStepCCER                    0x2000021e   Data          14  ltbl.o(.bss)
    .bss                                     0x200002d0   Section      320  ltbl_dshot.o(.bss)
    ltblDshotExtendInfo                      0x200002d0   Data          64  ltbl_dshot.o(.bss)
    .bss                                     0x20000410   Section       80  identification.o(.bss)
    .bss                                     0x20000460   Section      312  hardwareserial.o(.bss)
    .bss                                     0x20000598   Section       48  spi.o(.bss)
    .bss                                     0x200005c8   Section       88  wire.o(.bss)
    .bss                                     0x20000620   Section       64  exti.o(.bss)
    .bss                                     0x20000660   Section       28  timer.o(.bss)
    .bss                                     0x2000067c   Section       96  libspace.o(.bss)
    HEAP                                     0x200006e0   Section      512  startup_stm32f0xx.o(HEAP)
    Heap_Mem                                 0x200006e0   Data         512  startup_stm32f0xx.o(HEAP)
    STACK                                    0x200008e0   Section     1024  startup_stm32f0xx.o(STACK)
    Stack_Mem                                0x200008e0   Data        1024  startup_stm32f0xx.o(STACK)
    __initial_sp                             0x20000ce0   Data           0  startup_stm32f0xx.o(STACK)

    Global Symbols

    Symbol Name                              Value     Ov Type        Size  Object(Section)

    BuildAttributes$$THM_ISAv3M$S$PE$A:L22$X:L11$S22$IEEE1$IW$USESV6$~STKCKD$USESV7$~SHL$OTIME$ROPI$IEEEX$EBA8$UX$STANDARDLIB$REQ8$EABIv2 0x00000000   Number         0  anon$$obj.o ABSOLUTE
    __ARM_use_no_argv                        0x00000000   Number         0  main.o ABSOLUTE
    _printf_flags                            0x00000000   Number         0  printf_stubs.o ABSOLUTE
    _printf_return_value                     0x00000000   Number         0  printf_stubs.o ABSOLUTE
    _printf_sizespec                         0x00000000   Number         0  printf_stubs.o ABSOLUTE
    _printf_widthprec                        0x00000000   Number         0  printf_stubs.o ABSOLUTE
    __ARM::default_unexpected_handler()       - Undefined Weak Reference
    typeinfo for Printable                    - Undefined Weak Reference
    __ARM_exceptions_buffer_required          - Undefined Weak Reference
    __ARM_exceptions_init                     - Undefined Weak Reference
    __alloca_initialize                       - Undefined Weak Reference
    __arm_preinit_                            - Undefined Weak Reference
    __sigvec_lookup                           - Undefined Weak Reference
    __user_heap_extent                        - Undefined Weak Reference
    _atexit_init                              - Undefined Weak Reference
    _call_atexit_fns                          - Undefined Weak Reference
    _clock_init                               - Undefined Weak Reference
    _fp_trap_init                             - Undefined Weak Reference
    _fp_trap_shutdown                         - Undefined Weak Reference
    _get_lc_collate                           - Undefined Weak Reference
    _get_lc_monetary                          - Undefined Weak Reference
    _get_lc_time                              - Undefined Weak Reference
    _getenv_init                              - Undefined Weak Reference
    _handle_redirection                       - Undefined Weak Reference
    _initio                                   - Undefined Weak Reference
    _mutex_acquire                            - Undefined Weak Reference
    _mutex_free                               - Undefined Weak Reference
    _mutex_release                            - Undefined Weak Reference
    _printf_mbtowc                            - Undefined Weak Reference
    _printf_wc                                - Undefined Weak Reference
    _signal_finish                            - Undefined Weak Reference
    _signal_init                              - Undefined Weak Reference
    _terminateio                              - Undefined Weak Reference
    __Vectors_Size                           0x000000c0   Number         0  startup_stm32f0xx.o ABSOLUTE
    __Vectors                                0x08000000   Data           4  startup_stm32f0xx.o(RESET)
    __dso_handle                             0x08000000   Number         0  startup_stm32f0xx.o(RESET)
    __Vectors_End                            0x080000c0   Data           0  startup_stm32f0xx.o(RESET)
    __main                                   0x080000c1   Thumb Code     8  __main.o(!!!main)
    __scatterload                            0x080000c9   Thumb Code     0  __scatter.o(!!!scatter)
    __scatterload_rt2                        0x080000c9   Thumb Code    52  __scatter.o(!!!scatter)
    __scatterload_rt2_thumb_only             0x080000c9   Thumb Code     0  __scatter.o(!!!scatter)
    __scatterload_null                       0x080000d9   Thumb Code     0  __scatter.o(!!!scatter)
    __scatterload_copy                       0x08000105   Thumb Code    26  __scatter_copy.o(!!handler_copy)
    __scatterload_zeroinit                   0x08000121   Thumb Code    28  __scatter_zi.o(!!handler_zi)
    __rt_lib_init                            0x0800013d   Thumb Code     0  libinit.o(.ARM.Collect$$libinit$$00000000)
    __rt_lib_init_fp_1                       0x0800013f   Thumb Code     0  libinit2.o(.ARM.Collect$$libinit$$00000002)
    __rt_lib_init_heap_2                     0x0800013f   Thumb Code     0  libinit2.o(.ARM.Collect$$libinit$$00000005)
    __rt_lib_init_preinit_1                  0x0800013f   Thumb Code     0  libinit2.o(.ARM.Collect$$libinit$$00000004)
    __rt_lib_init_alloca_1                   0x08000147   Thumb Code     0  libinit2.o(.ARM.Collect$$libinit$$0000002E)
    __rt_lib_init_argv_1                     0x08000147   Thumb Code     0  libinit2.o(.ARM.Collect$$libinit$$0000002C)
    __rt_lib_init_atexit_1                   0x08000147   Thumb Code     0  libinit2.o(.ARM.Collect$$libinit$$0000001B)
    __rt_lib_init_clock_1                    0x08000147   Thumb Code     0  libinit2.o(.ARM.Collect$$libinit$$00000021)
    __rt_lib_init_cpp_2                      0x08000147   Thumb Code     0  libinit2.o(.ARM.Collect$$libinit$$00000031)
    __rt_lib_init_exceptions_1               0x08000147   Thumb Code     0  libinit2.o(.ARM.Collect$$libinit$$00000030)
    __rt_lib_init_fp_trap_1                  0x08000147   Thumb Code     0  libinit2.o(.ARM.Collect$$libinit$$0000001F)
    __rt_lib_init_getenv_1                   0x08000147   Thumb Code     0  libinit2.o(.ARM.Collect$$libinit$$00000023)
    __rt_lib_init_heap_1                     0x08000147   Thumb Code     0  libinit2.o(.ARM.Collect$$libinit$$0000000A)
    __rt_lib_init_lc_collate_1               0x08000147   Thumb Code     0  libinit2.o(.ARM.Collect$$libinit$$00000011)
    __rt_lib_init_lc_ctype_1                 0x08000147   Thumb Code     0  libinit2.o(.ARM.Collect$$libinit$$00000013)
    __rt_lib_init_lc_monetary_1              0x08000147   Thumb Code     0  libinit2.o(.ARM.Collect$$libinit$$00000015)
    __rt_lib_init_lc_numeric_1               0x08000147   Thumb Code     0  libinit2.o(.ARM.Collect$$libinit$$00000017)
    __rt_lib_init_lc_time_1                  0x08000147   Thumb Code     0  libinit2.o(.ARM.Collect$$libinit$$00000019)
    __rt_lib_init_rand_1                     0x08000147   Thumb Code     0  libinit2.o(.ARM.Collect$$libinit$$0000000E)
    __rt_lib_init_signal_1                   0x08000147   Thumb Code     0  libinit2.o(.ARM.Collect$$libinit$$0000001D)
    __rt_lib_init_stdio_1                    0x08000147   Thumb Code     0  libinit2.o(.ARM.Collect$$libinit$$00000025)
    __rt_lib_init_user_alloc_1               0x08000147   Thumb Code     0  libinit2.o(.ARM.Collect$$libinit$$0000000C)
    __rt_lib_init_cpp_1                      0x0800014b   Thumb Code     0  libinit2.o(.ARM.Collect$$libinit$$00000032)
    __rt_lib_init_return                     0x0800014b   Thumb Code     0  libinit2.o(.ARM.Collect$$libinit$$00000033)
    __rt_lib_shutdown                        0x0800014d   Thumb Code     0  libshutdown.o(.ARM.Collect$$libshutdown$$00000000)
    __rt_lib_shutdown_cpp_2                  0x0800014f   Thumb Code     0  libshutdown2.o(.ARM.Collect$$libshutdown$$00000001)
    __rt_lib_shutdown_cpp_1                  0x08000155   Thumb Code     0  libshutdown2.o(.ARM.Collect$$libshutdown$$00000002)
    __rt_lib_shutdown_fp_trap_1              0x08000155   Thumb Code     0  libshutdown2.o(.ARM.Collect$$libshutdown$$00000007)
    __rt_lib_shutdown_heap_1                 0x08000155   Thumb Code     0  libshutdown2.o(.ARM.Collect$$libshutdown$$0000000F)
    __rt_lib_shutdown_return                 0x08000155   Thumb Code     0  libshutdown2.o(.ARM.Collect$$libshutdown$$00000010)
    __rt_lib_shutdown_signal_1               0x08000155   Thumb Code     0  libshutdown2.o(.ARM.Collect$$libshutdown$$0000000A)
    __rt_lib_shutdown_stdio_1                0x08000155   Thumb Code     0  libshutdown2.o(.ARM.Collect$$libshutdown$$00000004)
    __rt_lib_shutdown_user_alloc_1           0x08000155   Thumb Code     0  libshutdown2.o(.ARM.Collect$$libshutdown$$0000000C)
    __rt_entry                               0x08000157   Thumb Code     0  __rtentry.o(.ARM.Collect$$rtentry$$00000000)
    __rt_entry_presh_1                       0x08000157   Thumb Code     0  __rtentry2.o(.ARM.Collect$$rtentry$$00000002)
    __rt_entry_sh                            0x08000157   Thumb Code     0  __rtentry4.o(.ARM.Collect$$rtentry$$00000004)
    __rt_entry_li                            0x0800015d   Thumb Code     0  __rtentry2.o(.ARM.Collect$$rtentry$$0000000A)
    __rt_entry_postsh_1                      0x0800015d   Thumb Code     0  __rtentry2.o(.ARM.Collect$$rtentry$$00000009)
    __rt_entry_main                          0x08000161   Thumb Code     0  __rtentry2.o(.ARM.Collect$$rtentry$$0000000D)
    __rt_entry_postli_1                      0x08000161   Thumb Code     0  __rtentry2.o(.ARM.Collect$$rtentry$$0000000C)
    __rt_exit                                0x08000169   Thumb Code     0  rtexit.o(.ARM.Collect$$rtexit$$00000000)
    __rt_exit_ls                             0x0800016b   Thumb Code     0  rtexit2.o(.ARM.Collect$$rtexit$$00000003)
    __rt_exit_prels_1                        0x0800016b   Thumb Code     0  rtexit2.o(.ARM.Collect$$rtexit$$00000002)
    __rt_exit_exit                           0x0800016f   Thumb Code     0  rtexit2.o(.ARM.Collect$$rtexit$$00000004)
    ltblWaitH                                0x08000175   Thumb Code   112  ltbl.o(.emb_text)
    ltblWaitL                                0x080001f5   Thumb Code   112  ltbl.o(.emb_text)
    LTBL_SIGNAL_DSHOT_StructType1_ASM        0x08000275   Thumb Code   208  ltbl_dshot.o(.emb_text)
    Reset_Handler                            0x08000359   Thumb Code     8  startup_stm32f0xx.o(.text)
    _maybe_terminate_alloc                   0x08000359   Thumb Code     0  maybetermalloc1.o(.emb_text)
    NMI_Handler                              0x08000361   Thumb Code     2  startup_stm32f0xx.o(.text)
    SVC_Handler                              0x08000365   Thumb Code     2  startup_stm32f0xx.o(.text)
    PendSV_Handler                           0x08000367   Thumb Code     2  startup_stm32f0xx.o(.text)
    ADC1_COMP_IRQHandler                     0x0800036b   Thumb Code     0  startup_stm32f0xx.o(.text)
    CEC_IRQHandler                           0x0800036b   Thumb Code     0  startup_stm32f0xx.o(.text)
    DMA1_Channel1_IRQHandler                 0x0800036b   Thumb Code     0  startup_stm32f0xx.o(.text)
    DMA1_Channel2_3_IRQHandler               0x0800036b   Thumb Code     0  startup_stm32f0xx.o(.text)
    DMA1_Channel4_5_IRQHandler               0x0800036b   Thumb Code     0  startup_stm32f0xx.o(.text)
    FLASH_IRQHandler                         0x0800036b   Thumb Code     0  startup_stm32f0xx.o(.text)
    I2C1_IRQHandler                          0x0800036b   Thumb Code     0  startup_stm32f0xx.o(.text)
    I2C2_IRQHandler                          0x0800036b   Thumb Code     0  startup_stm32f0xx.o(.text)
    PVD_IRQHandler                           0x0800036b   Thumb Code     0  startup_stm32f0xx.o(.text)
    RCC_IRQHandler                           0x0800036b   Thumb Code     0  startup_stm32f0xx.o(.text)
    RTC_IRQHandler                           0x0800036b   Thumb Code     0  startup_stm32f0xx.o(.text)
    SPI1_IRQHandler                          0x0800036b   Thumb Code     0  startup_stm32f0xx.o(.text)
    SPI2_IRQHandler                          0x0800036b   Thumb Code     0  startup_stm32f0xx.o(.text)
    TIM1_BRK_UP_TRG_COM_IRQHandler           0x0800036b   Thumb Code     0  startup_stm32f0xx.o(.text)
    TIM1_CC_IRQHandler                       0x0800036b   Thumb Code     0  startup_stm32f0xx.o(.text)
    TIM6_DAC_IRQHandler                      0x0800036b   Thumb Code     0  startup_stm32f0xx.o(.text)
    TS_IRQHandler                            0x0800036b   Thumb Code     0  startup_stm32f0xx.o(.text)
    WWDG_IRQHandler                          0x0800036b   Thumb Code     0  startup_stm32f0xx.o(.text)
    __user_initial_stackheap                 0x0800036d   Thumb Code     0  startup_stm32f0xx.o(.text)
    free                                     0x08000391   Thumb Code    76  h1_free.o(.text)
    __aeabi_atexit                           0x080003dd   Thumb Code    42  aeabi_atexit.o(.text)
    __aeabi_uidiv                            0x08000407   Thumb Code     0  aeabi_sdivfast.o(.text)
    __aeabi_uidivmod                         0x08000407   Thumb Code    28  aeabi_sdivfast.o(.text)
    __aeabi_idiv                             0x08000423   Thumb Code     0  aeabi_sdivfast.o(.text)
    __aeabi_idivmod                          0x08000423   Thumb Code   460  aeabi_sdivfast.o(.text)
    __use_two_region_memory                  0x080005ef   Thumb Code     2  heapauxi.o(.text)
    __rt_heap_escrow                         0x080005f1   Thumb Code     2  heapauxi.o(.text)
    __rt_heap_expand                         0x080005f3   Thumb Code     2  heapauxi.o(.text)
    __cpp_initialize__aeabi_                 0x080005f5   Thumb Code    26  init_aeabi.o(.text)
    __aeabi_ddiv                             0x08000619   Thumb Code     0  ddiv.o(.text)
    _ddiv                                    0x08000619   Thumb Code  1072  ddiv.o(.text)
    _drdiv                                   0x08000a49   Thumb Code    20  ddiv.o(.text)
    __aeabi_d2iz                             0x08000a61   Thumb Code     0  dfixi.o(.text)
    _dfix                                    0x08000a61   Thumb Code    98  dfixi.o(.text)
    __aeabi_d2uiz                            0x08000acd   Thumb Code     0  dfixui.o(.text)
    _dfixu                                   0x08000acd   Thumb Code    68  dfixui.o(.text)
    __aeabi_i2d_normalise                    0x08000b15   Thumb Code    66  dflti.o(.text)
    __aeabi_i2d                              0x08000b57   Thumb Code    16  dflti.o(.text)
    _dflt                                    0x08000b57   Thumb Code     0  dflti.o(.text)
    __aeabi_ui2d                             0x08000b67   Thumb Code     6  dflti.o(.text)
    _dfltu                                   0x08000b67   Thumb Code     0  dflti.o(.text)
    __aeabi_dmul                             0x08000b6d   Thumb Code     0  dmul.o(.text)
    _dmul                                    0x08000b6d   Thumb Code   558  dmul.o(.text)
    __ARM_scalbn                             0x08000db5   Thumb Code    84  dscalbn.o(.text)
    __rt_heap_descriptor                     0x08000e15   Thumb Code     8  rt_heap_descriptor_intlibspace.o(.text)
    __rt_ddtor_pointer_addr                  0x08000e1d   Thumb Code     8  rt_ddtor_pointer_addr_intlibspace.o(.text)
    __use_no_heap                            0x08000e25   Thumb Code     2  hguard.o(.text)
    __heap$guard                             0x08000e27   Thumb Code     2  hguard.o(.text)
    _terminate_user_alloc                    0x08000e29   Thumb Code     2  init_alloc.o(.text)
    _init_user_alloc                         0x08000e2b   Thumb Code     2  init_alloc.o(.text)
    __Heap_Full                              0x08000e2d   Thumb Code    32  init_alloc.o(.text)
    __Heap_Broken                            0x08000e4d   Thumb Code    10  init_alloc.o(.text)
    _init_alloc                              0x08000e57   Thumb Code    90  init_alloc.o(.text)
    malloc                                   0x08000eb1   Thumb Code    98  h1_alloc.o(.text)
    __cxa_finalize                           0x08000f13   Thumb Code    66  cxa_finalize.o(.text)
    __user_libspace                          0x08000f55   Thumb Code     8  libspace.o(.text)
    __user_perproc_libspace                  0x08000f55   Thumb Code     0  libspace.o(.text)
    __user_perthread_libspace                0x08000f55   Thumb Code     0  libspace.o(.text)
    __Heap_Initialize                        0x08000f5d   Thumb Code    10  h1_init.o(.text)
    __Heap_DescSize                          0x08000f67   Thumb Code     4  h1_init.o(.text)
    __Heap_ProvideMemory                     0x08000f6b   Thumb Code    52  h1_extend.o(.text)
    __sig_exit                               0x08000f9f   Thumb Code    12  defsig_exit.o(.text)
    __rt_SIGRTMEM                            0x08000fab   Thumb Code    12  defsig_rtmem_outer.o(.text)
    _sys_exit                                0x08000fb9   Thumb Code     8  sys_exit.o(.text)
    __user_setup_stackheap                   0x08000fc5   Thumb Code    62  sys_stackheap_outer.o(.text)
    exit                                     0x08001003   Thumb Code    16  exit.o(.text)
    __default_signal_display                 0x08001013   Thumb Code    52  defsig_general.o(.text)
    __rt_SIGRTMEM_inner                      0x08001049   Thumb Code    22  defsig_rtmem_inner.o(.text)
    _ttywrch                                 0x08001099   Thumb Code    12  sys_wrch.o(.text)
    __I$use$semihosting                      0x080010a5   Thumb Code     0  use_no_semi.o(.text)
    __use_no_semihosting_swi                 0x080010a5   Thumb Code     2  use_no_semi.o(.text)
    ADC_Cmd                                  0x080010a7   Thumb Code    22  stm32f0xx_adc.o(i.ADC_Cmd)
    __semihosting_library_function           0x080010a7   Thumb Code     0  indicate_semi.o(.text)
    ADC_GetFlagStatus                        0x080010bd   Thumb Code    28  stm32f0xx_adc.o(i.ADC_GetFlagStatus)
    ADC_Init                                 0x080010d9   Thumb Code    40  stm32f0xx_adc.o(i.ADC_Init)
    ADC_StartOfConversion                    0x08001105   Thumb Code    10  stm32f0xx_adc.o(i.ADC_StartOfConversion)
    DMA_Cmd                                  0x08001111   Thumb Code    20  stm32f0xx_dma.o(i.DMA_Cmd)
    DMA_Init                                 0x08001129   Thumb Code    58  stm32f0xx_dma.o(i.DMA_Init)
    Delay_Init                               0x08001169   Thumb Code    54  delay.o(i.Delay_Init)
    EXTI0_1_IRQHandler                       0x080011b1   Thumb Code    54  exti.o(i.EXTI0_1_IRQHandler)
    EXTI2_3_IRQHandler                       0x080011ed   Thumb Code    54  exti.o(i.EXTI2_3_IRQHandler)
    EXTI4_15_IRQHandler                      0x08001229   Thumb Code   326  exti.o(i.EXTI4_15_IRQHandler)
    EXTI_ClearITPendingBit                   0x08001375   Thumb Code     6  stm32f0xx_exti.o(i.EXTI_ClearITPendingBit)
    EXTI_GetITStatus                         0x08001381   Thumb Code    24  stm32f0xx_exti.o(i.EXTI_GetITStatus)
    FLASH_ClearFlag                          0x0800139d   Thumb Code     6  stm32f0xx_flash.o(i.FLASH_ClearFlag)
    FLASH_ErasePage                          0x080013a9   Thumb Code    52  stm32f0xx_flash.o(i.FLASH_ErasePage)
    FLASH_Lock                               0x080013e1   Thumb Code    12  stm32f0xx_flash.o(i.FLASH_Lock)
    FLASH_ProgramHalfWord                    0x080013f1   Thumb Code    48  stm32f0xx_flash.o(i.FLASH_ProgramHalfWord)
    FLASH_Unlock                             0x08001425   Thumb Code    18  stm32f0xx_flash.o(i.FLASH_Unlock)
    FLASH_WaitForLastOperation               0x08001445   Thumb Code    82  stm32f0xx_flash.o(i.FLASH_WaitForLastOperation)
    GPIO_Init                                0x0800149d   Thumb Code   114  stm32f0xx_gpio.o(i.GPIO_Init)
    GPIO_PinAFConfig                         0x0800150f   Thumb Code    34  stm32f0xx_gpio.o(i.GPIO_PinAFConfig)
    GPIO_ResetBits                           0x08001531   Thumb Code     4  stm32f0xx_gpio.o(i.GPIO_ResetBits)
    GPIOx_Init                               0x08001535   Thumb Code   162  gpio.o(i.GPIOx_Init)
    Get_Pinx                                 0x080015e9   Thumb Code    30  gpio.o(i.Get_Pinx)
    HardFault_Handler                        0x0800160d   Thumb Code    18  main.o(i.HardFault_Handler)
    LTBL_AttachCommEvent                     0x08001629   Thumb Code     6  ltbl.o(i.LTBL_AttachCommEvent)
    LTBL_DSHOT_AttachCaptureEvent            0x08001635   Thumb Code     6  ltbl_dshot.o(i.LTBL_DSHOT_AttachCaptureEvent)
    LTBL_DSHOT_Dispose                       0x08001641   Thumb Code    42  ltbl_dshot.o(i.LTBL_DSHOT_Dispose)
    LTBL_DSHOT_GetCaptureEventHandler        0x08001675   Thumb Code     6  ltbl_dshot.o(i.LTBL_DSHOT_GetCaptureEventHandler)
    LTBL_DSHOT_Handler                       0x08001681   Thumb Code    74  ltbl_dshot.o(i.LTBL_DSHOT_Handler)
    LTBL_DSHOT_Init                          0x080016d5   Thumb Code   466  ltbl_dshot.o(i.LTBL_DSHOT_Init)
    LTBL_GetAvgCommInterval                  0x080018cd   Thumb Code     6  ltbl.o(i.LTBL_GetAvgCommInterval)
    LTBL_GetCommEventHandler                 0x080018d9   Thumb Code     6  ltbl.o(i.LTBL_GetCommEventHandler)
    LTBL_GetStabilityStep                    0x080018e5   Thumb Code     6  ltbl.o(i.LTBL_GetStabilityStep)
    LTBL_Init                                0x080018f1   Thumb Code   590  ltbl.o(i.LTBL_Init)
    LTBL_PWM_AttachCaptureEvent              0x08001c59   Thumb Code     6  ltbl_pwm.o(i.LTBL_PWM_AttachCaptureEvent)
    LTBL_PWM_Dispose                         0x08001c65   Thumb Code    36  ltbl_pwm.o(i.LTBL_PWM_Dispose)
    LTBL_PWM_GetCaptureEventHandler          0x08001c91   Thumb Code     6  ltbl_pwm.o(i.LTBL_PWM_GetCaptureEventHandler)
    LTBL_PWM_Handler                         0x08001c9d   Thumb Code   226  ltbl_pwm.o(i.LTBL_PWM_Handler)
    LTBL_PWM_Init                            0x08001d9d   Thumb Code   208  ltbl_pwm.o(i.LTBL_PWM_Init)
    LTBL_Run                                 0x08001e81   Thumb Code   198  ltbl.o(i.LTBL_Run)
    LTBL_SIGNAL_GetThrottleState             0x08001f7d   Thumb Code   140  ltbl_signal.o(i.LTBL_SIGNAL_GetThrottleState)
    LTBL_SetMode                             0x08002019   Thumb Code     6  ltbl.o(i.LTBL_SetMode)
    LTBL_SetPWMMode                          0x08002025   Thumb Code    62  ltbl.o(i.LTBL_SetPWMMode)
    LTBL_Signal_GetSignalType                0x08002091   Thumb Code   210  ltbl_signal.o(i.LTBL_Signal_GetSignalType)
    LTBL_Stop                                0x08002179   Thumb Code     8  ltbl.o(i.LTBL_Stop)
    LTBL_Tone                                0x08002185   Thumb Code   556  ltbl.o(i.LTBL_Tone)
    LTBL_UpdateThrottle                      0x080023d9   Thumb Code    12  ltbl.o(i.LTBL_UpdateThrottle)
    PWM_Init                                 0x080023ed   Thumb Code   150  pwm.o(i.PWM_Init)
    RCC_AHBPeriphClockCmd                    0x080024a5   Thumb Code    18  stm32f0xx_rcc.o(i.RCC_AHBPeriphClockCmd)
    RCC_APB1PeriphClockCmd                   0x080024bd   Thumb Code    18  stm32f0xx_rcc.o(i.RCC_APB1PeriphClockCmd)
    RCC_APB1PeriphResetCmd                   0x080024d5   Thumb Code    18  stm32f0xx_rcc.o(i.RCC_APB1PeriphResetCmd)
    RCC_APB2PeriphClockCmd                   0x080024ed   Thumb Code    18  stm32f0xx_rcc.o(i.RCC_APB2PeriphClockCmd)
    RCC_APB2PeriphResetCmd                   0x08002505   Thumb Code    18  stm32f0xx_rcc.o(i.RCC_APB2PeriphResetCmd)
    RCC_GetFlagStatus                        0x0800251d   Thumb Code    48  stm32f0xx_rcc.o(i.RCC_GetFlagStatus)
    RCC_GetSYSCLKSource                      0x08002551   Thumb Code    10  stm32f0xx_rcc.o(i.RCC_GetSYSCLKSource)
    RCC_HCLKConfig                           0x08002561   Thumb Code    14  stm32f0xx_rcc.o(i.RCC_HCLKConfig)
    RCC_HSICmd                               0x08002575   Thumb Code    22  stm32f0xx_rcc.o(i.RCC_HSICmd)
    RCC_PCLKConfig                           0x08002591   Thumb Code    16  stm32f0xx_rcc.o(i.RCC_PCLKConfig)
    RCC_PLLCmd                               0x080025a5   Thumb Code    22  stm32f0xx_rcc.o(i.RCC_PLLCmd)
    RCC_PLLConfig                            0x080025c1   Thumb Code    26  stm32f0xx_rcc.o(i.RCC_PLLConfig)
    RCC_SYSCLKConfig                         0x080025e1   Thumb Code    14  stm32f0xx_rcc.o(i.RCC_SYSCLKConfig)
    SysTick_Handler                          0x080025f5   Thumb Code    10  delay.o(i.SysTick_Handler)
    SystemCoreClockUpdate                    0x08002605   Thumb Code    90  system_stm32f0xx.o(i.SystemCoreClockUpdate)
    SystemInit                               0x08002675   Thumb Code   216  system_stm32f0xx.o(i.SystemInit)
    TIM14_IRQHandler                         0x0800275d   Thumb Code    32  timer.o(i.TIM14_IRQHandler)
    TIM15_IRQHandler                         0x08002785   Thumb Code    32  timer.o(i.TIM15_IRQHandler)
    TIM16_IRQHandler                         0x080027ad   Thumb Code    32  timer.o(i.TIM16_IRQHandler)
    TIM17_IRQHandler                         0x080027d5   Thumb Code    32  timer.o(i.TIM17_IRQHandler)
    TIM2_IRQHandler                          0x080027fd   Thumb Code    12  ltbl_signal.o(i.TIM2_IRQHandler)
    TIM3_IRQHandler                          0x08002809   Thumb Code    32  timer.o(i.TIM3_IRQHandler)
    TIM_ClearITPendingBit                    0x08002831   Thumb Code     6  stm32f0xx_tim.o(i.TIM_ClearITPendingBit)
    TIM_Cmd                                  0x08002837   Thumb Code    20  stm32f0xx_tim.o(i.TIM_Cmd)
    TIM_CtrlPWMOutputs                       0x0800284b   Thumb Code    24  stm32f0xx_tim.o(i.TIM_CtrlPWMOutputs)
    TIM_DMACmd                               0x08002863   Thumb Code    16  stm32f0xx_tim.o(i.TIM_DMACmd)
    TIM_DeInit                               0x08002875   Thumb Code   194  stm32f0xx_tim.o(i.TIM_DeInit)
    TIM_GetITStatus                          0x08002955   Thumb Code    24  stm32f0xx_tim.o(i.TIM_GetITStatus)
    TIM_ICInit                               0x0800296d   Thumb Code   260  stm32f0xx_tim.o(i.TIM_ICInit)
    TIM_ICStructInit                         0x08002a89   Thumb Code    16  stm32f0xx_tim.o(i.TIM_ICStructInit)
    TIM_ITConfig                             0x08002a99   Thumb Code    16  stm32f0xx_tim.o(i.TIM_ITConfig)
    TIM_OC1Init                              0x08002aa9   Thumb Code   106  stm32f0xx_tim.o(i.TIM_OC1Init)
    TIM_OC1PreloadConfig                     0x08002b29   Thumb Code    12  stm32f0xx_tim.o(i.TIM_OC1PreloadConfig)
    TIM_OC2Init                              0x08002b35   Thumb Code   112  stm32f0xx_tim.o(i.TIM_OC2Init)
    TIM_OC2PreloadConfig                     0x08002bb1   Thumb Code    14  stm32f0xx_tim.o(i.TIM_OC2PreloadConfig)
    TIM_OC3Init                              0x08002bc5   Thumb Code   112  stm32f0xx_tim.o(i.TIM_OC3Init)
    TIM_OC3PreloadConfig                     0x08002c4d   Thumb Code    12  stm32f0xx_tim.o(i.TIM_OC3PreloadConfig)
    TIM_OC4Init                              0x08002c59   Thumb Code    80  stm32f0xx_tim.o(i.TIM_OC4Init)
    TIM_OC4PreloadConfig                     0x08002cbd   Thumb Code    14  stm32f0xx_tim.o(i.TIM_OC4PreloadConfig)
    TIM_OCStructInit                         0x08002cd1   Thumb Code    20  stm32f0xx_tim.o(i.TIM_OCStructInit)
    TIM_SelectInputTrigger                   0x08002ce5   Thumb Code    12  stm32f0xx_tim.o(i.TIM_SelectInputTrigger)
    TIM_SelectMasterSlaveMode                0x08002cf1   Thumb Code    16  stm32f0xx_tim.o(i.TIM_SelectMasterSlaveMode)
    TIM_SelectSlaveMode                      0x08002d01   Thumb Code    16  stm32f0xx_tim.o(i.TIM_SelectSlaveMode)
    TIM_TimeBaseInit                         0x08002d11   Thumb Code    90  stm32f0xx_tim.o(i.TIM_TimeBaseInit)
    TIM_TimeBaseStructInit                   0x08002d89   Thumb Code    18  stm32f0xx_tim.o(i.TIM_TimeBaseStructInit)
    TIMx_Init                                0x08002d9d   Thumb Code   264  pwm.o(i.TIMx_Init)
    USART1_IRQHandler                        0x08002ebd   Thumb Code    68  hardwareserial.o(i.USART1_IRQHandler)
    USART2_IRQHandler                        0x08002f09   Thumb Code    68  hardwareserial.o(i.USART2_IRQHandler)
    USART_ClearITPendingBit                  0x08002f55   Thumb Code    10  stm32f0xx_usart.o(i.USART_ClearITPendingBit)
    USART_GetITStatus                        0x08002f5f   Thumb Code    60  stm32f0xx_usart.o(i.USART_GetITStatus)
    USART_ReceiveData                        0x08002f9b   Thumb Code     8  stm32f0xx_usart.o(i.USART_ReceiveData)
    Config_LoadData()                        0x08003119   Thumb Code   130  config.o(i._Z15Config_LoadDatav)
    Config_SaveData()                        0x080031b1   Thumb Code   126  config.o(i._Z15Config_SaveDatav)
    Motor_Commucated()                       0x0800324d   Thumb Code   140  main.o(i._Z16Motor_Commucatedv)
    Config_RegesterData(void*, unsigned)     0x080032f5   Thumb Code    28  config.o(i._Z19Config_RegesterDataPvj)
    Identification_Init()                    0x0800331d   Thumb Code    20  identification.o(i._Z19Identification_Initv)
    Signal_PWM_Captured(int)                 0x08003339   Thumb Code   194  main.o(i._Z19Signal_PWM_Capturedi)
    Identification_Begin()                   0x08003409   Thumb Code    60  identification.o(i._Z20Identification_Beginv)
    Signal_DSHOT_Captured(int, unsigned char*) 0x08003455   Thumb Code     8  main.o(i._Z21Signal_DSHOT_CapturediPh)
    Identification_GetBrakeThrottle(short, unsigned) 0x080034e5   Thumb Code    68  identification.o(i._Z31Identification_GetBrakeThrottlesj)
    Identification_GetCommonThrottle(unsigned) 0x08003539   Thumb Code   144  identification.o(i._Z32Identification_GetCommonThrottlej)
    TwoWire::~TwoWire()                      0x080035dd   Thumb Code    16  wire.o(i._ZN7TwoWireD1Ev)
    TwoWire::~TwoWire__sub_object()          0x080035dd   Thumb Code     0  wire.o(i._ZN7TwoWireD1Ev)
    __cxa_guard_acquire                      0x080035f1   Thumb Code    18  cxa_guard_acquire.o(i.__cxa_guard_acquire)
    delay_ms                                 0x080036b5   Thumb Code    14  delay.o(i.delay_ms)
    delay_us                                 0x080036c9   Thumb Code    64  delay.o(i.delay_us)
    ltblBrakeModeStep0                       0x08003715   Thumb Code   198  ltbl.o(i.ltblBrakeModeStep0)
    ltblBrakeModeStep1                       0x08003801   Thumb Code   200  ltbl.o(i.ltblBrakeModeStep1)
    ltblBrakeModeStep2                       0x080038ed   Thumb Code   200  ltbl.o(i.ltblBrakeModeStep2)
    ltblBrakeModeStep3                       0x080039d9   Thumb Code   200  ltbl.o(i.ltblBrakeModeStep3)
    ltblBrakeModeStep4                       0x08003ac5   Thumb Code   198  ltbl.o(i.ltblBrakeModeStep4)
    ltblBrakeModeStep5                       0x08003bb1   Thumb Code   200  ltbl.o(i.ltblBrakeModeStep5)
    ltblFreeModeStep0                        0x08003d19   Thumb Code   196  ltbl.o(i.ltblFreeModeStep0)
    ltblFreeModeStep1                        0x08003e01   Thumb Code   198  ltbl.o(i.ltblFreeModeStep1)
    ltblFreeModeStep2                        0x08003eed   Thumb Code   198  ltbl.o(i.ltblFreeModeStep2)
    ltblFreeModeStep3                        0x08003fd9   Thumb Code   198  ltbl.o(i.ltblFreeModeStep3)
    ltblFreeModeStep4                        0x080040c5   Thumb Code   196  ltbl.o(i.ltblFreeModeStep4)
    ltblFreeModeStep5                        0x080041ad   Thumb Code   198  ltbl.o(i.ltblFreeModeStep5)
    ltblGetPhaseValue                        0x08004299   Thumb Code   612  ltbl.o(i.ltblGetPhaseValue)
    ltblNormalModeStep0                      0x0800451d   Thumb Code   198  ltbl.o(i.ltblNormalModeStep0)
    ltblNormalModeStep1                      0x08004609   Thumb Code   200  ltbl.o(i.ltblNormalModeStep1)
    ltblNormalModeStep2                      0x080046f5   Thumb Code   200  ltbl.o(i.ltblNormalModeStep2)
    ltblNormalModeStep3                      0x080047e1   Thumb Code   200  ltbl.o(i.ltblNormalModeStep3)
    ltblNormalModeStep4                      0x080048cd   Thumb Code   198  ltbl.o(i.ltblNormalModeStep4)
    ltblNormalModeStep5                      0x080049b9   Thumb Code   200  ltbl.o(i.ltblNormalModeStep5)
    ltblReverseModeStep0                     0x08004b55   Thumb Code   200  ltbl.o(i.ltblReverseModeStep0)
    ltblReverseModeStep1                     0x08004c41   Thumb Code   198  ltbl.o(i.ltblReverseModeStep1)
    ltblReverseModeStep2                     0x08004d2d   Thumb Code   200  ltbl.o(i.ltblReverseModeStep2)
    ltblReverseModeStep3                     0x08004e19   Thumb Code   200  ltbl.o(i.ltblReverseModeStep3)
    ltblReverseModeStep4                     0x08004f05   Thumb Code   200  ltbl.o(i.ltblReverseModeStep4)
    ltblReverseModeStep5                     0x08004ff1   Thumb Code   198  ltbl.o(i.ltblReverseModeStep5)
    ltblStartup1ModeStep0                    0x080050dd   Thumb Code   402  ltbl.o(i.ltblStartup1ModeStep0)
    ltblStartup1ModeStep1                    0x080052b5   Thumb Code   404  ltbl.o(i.ltblStartup1ModeStep1)
    ltblStartup1ModeStep2                    0x0800548d   Thumb Code   402  ltbl.o(i.ltblStartup1ModeStep2)
    ltblStartup1ModeStep3                    0x08005665   Thumb Code   404  ltbl.o(i.ltblStartup1ModeStep3)
    ltblStartup1ModeStep4                    0x0800583d   Thumb Code   404  ltbl.o(i.ltblStartup1ModeStep4)
    ltblStartup1ModeStep5                    0x08005a15   Thumb Code   404  ltbl.o(i.ltblStartup1ModeStep5)
    ltblUpdateThrottleBrake                  0x08005bed   Thumb Code     6  ltbl.o(i.ltblUpdateThrottleBrake)
    ltblUpdateThrottleFree                   0x08005bf9   Thumb Code     6  ltbl.o(i.ltblUpdateThrottleFree)
    ltblUpdateThrottleNormal                 0x08005c05   Thumb Code    36  ltbl.o(i.ltblUpdateThrottleNormal)
    ltblUpdateThrottleReverse                0x08005c31   Thumb Code    36  ltbl.o(i.ltblUpdateThrottleReverse)
    ltblUpdateThrottleStartup1               0x08005c5d   Thumb Code    24  ltbl.o(i.ltblUpdateThrottleStartup1)
    main                                     0x08005c79   Thumb Code   702  main.o(i.main)
    map                                      0x08005f55   Thumb Code    22  arduino.o(i.map)
    millis                                   0x08005f6d   Thumb Code     6  delay.o(i.millis)
    pinMode                                  0x08005f79   Thumb Code    42  arduino.o(i.pinMode)
    __I$use$fp                               0x08005fa8   Number         0  usenofp.o(x$fpl$usenofp)
    ltblCompMask                             0x08006004   Data           4  ltbl.o(.constdata)
    PIN_MAP                                  0x08006008   Data        1920  gpio.o(.constdata)
    vtable for HardwareSerial                0x08006808   Data          36  hardwareserial.o(.constdata__ZTV14HardwareSerial)
    vtable for TwoWire                       0x0800682c   Data          16  wire.o(.constdata__ZTV7TwoWire)
    Region$$Table$$Base                      0x0800683c   Number         0  anon$$obj.o(Region$$Table)
    Region$$Table$$Limit                     0x0800685c   Number         0  anon$$obj.o(Region$$Table)
    SHT$$INIT_ARRAY$$Base                    0x0800685c   Number         0  main.o(.init_array)
    SHT$$INIT_ARRAY$$Limit                   0x0800686c   Number         0  init_aeabi.o(.init_array)
    LTBL_StopFlag                            0x20000024   Data           1  ltbl.o(.data)
    LTBL_CommEvent                           0x2000002c   Data           4  ltbl.o(.data)
    ltblFilterVal                            0x20000030   Data           4  ltbl.o(.data)
    lastTicks                                0x20000034   Data           4  ltbl.o(.data)
    avgStepTicks                             0x20000038   Data           4  ltbl.o(.data)
    stabilityStep                            0x2000003c   Data           4  ltbl.o(.data)
    ltblRefCntAddr                           0x20000078   Data           4  ltbl.o(.data)
    ltblCompAddr                             0x2000007c   Data           4  ltbl.o(.data)
    ltblThrottle                             0x2000008e   Data           2  ltbl_dshot.o(.data)
    ltblDshotThreshold                       0x20000098   Data           4  ltbl_dshot.o(.data)
    ltblDshotPulseMin                        0x2000009c   Data           4  ltbl_dshot.o(.data)
    ltblDshotPulseMax                        0x200000a0   Data           4  ltbl_dshot.o(.data)
    System_ms                                0x200000d4   Data           4  delay.o(.data)
    SystemCoreClock                          0x200000d8   Data           4  system_stm32f0xx.o(.data)
    AHBPrescTable                            0x200000dc   Data          16  system_stm32f0xx.o(.data)
    stepTicks                                0x2000022c   Data          24  ltbl.o(.bss)
    ltblOperationStrategy_step0              0x20000244   Data          20  ltbl.o(.bss)
    ltblOperationStrategy_step1              0x20000258   Data          20  ltbl.o(.bss)
    ltblOperationStrategy_step2              0x2000026c   Data          20  ltbl.o(.bss)
    ltblOperationStrategy_step3              0x20000280   Data          20  ltbl.o(.bss)
    ltblOperationStrategy_step4              0x20000294   Data          20  ltbl.o(.bss)
    ltblOperationStrategy_step5              0x200002a8   Data          20  ltbl.o(.bss)
    ltblUpdateThrottles                      0x200002bc   Data          20  ltbl.o(.bss)
    ltblDshotCapturedBuffer                  0x20000310   Data         256  ltbl_dshot.o(.bss)
    Identification_SpeedTable1               0x20000410   Data          40  identification.o(.bss)
    Identification_SpeedTable2               0x20000438   Data          40  identification.o(.bss)
    Serial                                   0x20000460   Data         156  hardwareserial.o(.bss)
    Serial2                                  0x200004fc   Data         156  hardwareserial.o(.bss)
    SPI                                      0x20000598   Data          24  spi.o(.bss)
    SPI_2                                    0x200005b0   Data          24  spi.o(.bss)
    Wire                                     0x200005c8   Data          88  wire.o(.bss)
    EXTI_Function                            0x20000620   Data          64  exti.o(.bss)
    TIM_Function                             0x20000660   Data          28  timer.o(.bss)
    __libspace_start                         0x2000067c   Data          96  libspace.o(.bss)
    __temporary_stack_top$libspace           0x200006dc   Data           0  libspace.o(.bss)



==============================================================================

Memory Map of the image

  Image Entry point : 0x080000c1

  Load Region LR_IROM1 (Base: 0x08000000, Size: 0x00006958, Max: 0x00008000, ABSOLUTE)

    Execution Region ER_IROM1 (Exec base: 0x08000000, Load base: 0x08000000, Size: 0x0000686c, Max: 0x00008000, ABSOLUTE)

    Exec Addr    Load Addr    Size         Type   Attr      Idx    E Section Name        Object

    0x08000000   0x08000000   0x000000c0   Data   RO         6544    RESET               startup_stm32f0xx.o
    0x080000c0   0x080000c0   0x00000008   Code   RO         6732  * !!!main             c_p.l(__main.o)
    0x080000c8   0x080000c8   0x0000003c   Code   RO         7367    !!!scatter          c_p.l(__scatter.o)
    0x08000104   0x08000104   0x0000001a   Code   RO         7369    !!handler_copy      c_p.l(__scatter_copy.o)
    0x0800011e   0x0800011e   0x00000002   PAD
    0x08000120   0x08000120   0x0000001c   Code   RO         7371    !!handler_zi        c_p.l(__scatter_zi.o)
    0x0800013c   0x0800013c   0x00000002   Code   RO         7261    .ARM.Collect$$libinit$$00000000  c_p.l(libinit.o)
    0x0800013e   0x0800013e   0x00000000   Code   RO         7041    .ARM.Collect$$libinit$$00000002  c_p.l(libinit2.o)
    0x0800013e   0x0800013e   0x00000000   Code   RO         7043    .ARM.Collect$$libinit$$00000004  c_p.l(libinit2.o)
    0x0800013e   0x0800013e   0x00000008   Code   RO         7044    .ARM.Collect$$libinit$$00000005  c_p.l(libinit2.o)
    0x08000146   0x08000146   0x00000000   Code   RO         7046    .ARM.Collect$$libinit$$0000000A  c_p.l(libinit2.o)
    0x08000146   0x08000146   0x00000000   Code   RO         7048    .ARM.Collect$$libinit$$0000000C  c_p.l(libinit2.o)
    0x08000146   0x08000146   0x00000000   Code   RO         7050    .ARM.Collect$$libinit$$0000000E  c_p.l(libinit2.o)
    0x08000146   0x08000146   0x00000000   Code   RO         7053    .ARM.Collect$$libinit$$00000011  c_p.l(libinit2.o)
    0x08000146   0x08000146   0x00000000   Code   RO         7055    .ARM.Collect$$libinit$$00000013  c_p.l(libinit2.o)
    0x08000146   0x08000146   0x00000000   Code   RO         7057    .ARM.Collect$$libinit$$00000015  c_p.l(libinit2.o)
    0x08000146   0x08000146   0x00000000   Code   RO         7059    .ARM.Collect$$libinit$$00000017  c_p.l(libinit2.o)
    0x08000146   0x08000146   0x00000000   Code   RO         7061    .ARM.Collect$$libinit$$00000019  c_p.l(libinit2.o)
    0x08000146   0x08000146   0x00000000   Code   RO         7063    .ARM.Collect$$libinit$$0000001B  c_p.l(libinit2.o)
    0x08000146   0x08000146   0x00000000   Code   RO         7065    .ARM.Collect$$libinit$$0000001D  c_p.l(libinit2.o)
    0x08000146   0x08000146   0x00000000   Code   RO         7067    .ARM.Collect$$libinit$$0000001F  c_p.l(libinit2.o)
    0x08000146   0x08000146   0x00000000   Code   RO         7069    .ARM.Collect$$libinit$$00000021  c_p.l(libinit2.o)
    0x08000146   0x08000146   0x00000000   Code   RO         7071    .ARM.Collect$$libinit$$00000023  c_p.l(libinit2.o)
    0x08000146   0x08000146   0x00000000   Code   RO         7073    .ARM.Collect$$libinit$$00000025  c_p.l(libinit2.o)
    0x08000146   0x08000146   0x00000000   Code   RO         7077    .ARM.Collect$$libinit$$0000002C  c_p.l(libinit2.o)
    0x08000146   0x08000146   0x00000000   Code   RO         7079    .ARM.Collect$$libinit$$0000002E  c_p.l(libinit2.o)
    0x08000146   0x08000146   0x00000000   Code   RO         7081    .ARM.Collect$$libinit$$00000030  c_p.l(libinit2.o)
    0x08000146   0x08000146   0x00000004   Code   RO         7082    .ARM.Collect$$libinit$$00000031  c_p.l(libinit2.o)
    0x0800014a   0x0800014a   0x00000000   Code   RO         7083    .ARM.Collect$$libinit$$00000032  c_p.l(libinit2.o)
    0x0800014a   0x0800014a   0x00000002   Code   RO         7084    .ARM.Collect$$libinit$$00000033  c_p.l(libinit2.o)
    0x0800014c   0x0800014c   0x00000002   Code   RO         7338    .ARM.Collect$$libshutdown$$00000000  c_p.l(libshutdown.o)
    0x0800014e   0x0800014e   0x00000006   Code   RO         7177    .ARM.Collect$$libshutdown$$00000001  c_p.l(libshutdown2.o)
    0x08000154   0x08000154   0x00000000   Code   RO         7178    .ARM.Collect$$libshutdown$$00000002  c_p.l(libshutdown2.o)
    0x08000154   0x08000154   0x00000000   Code   RO         7180    .ARM.Collect$$libshutdown$$00000004  c_p.l(libshutdown2.o)
    0x08000154   0x08000154   0x00000000   Code   RO         7183    .ARM.Collect$$libshutdown$$00000007  c_p.l(libshutdown2.o)
    0x08000154   0x08000154   0x00000000   Code   RO         7186    .ARM.Collect$$libshutdown$$0000000A  c_p.l(libshutdown2.o)
    0x08000154   0x08000154   0x00000000   Code   RO         7188    .ARM.Collect$$libshutdown$$0000000C  c_p.l(libshutdown2.o)
    0x08000154   0x08000154   0x00000000   Code   RO         7191    .ARM.Collect$$libshutdown$$0000000F  c_p.l(libshutdown2.o)
    0x08000154   0x08000154   0x00000002   Code   RO         7192    .ARM.Collect$$libshutdown$$00000010  c_p.l(libshutdown2.o)
    0x08000156   0x08000156   0x00000000   Code   RO         6900    .ARM.Collect$$rtentry$$00000000  c_p.l(__rtentry.o)
    0x08000156   0x08000156   0x00000000   Code   RO         7105    .ARM.Collect$$rtentry$$00000002  c_p.l(__rtentry2.o)
    0x08000156   0x08000156   0x00000006   Code   RO         7117    .ARM.Collect$$rtentry$$00000004  c_p.l(__rtentry4.o)
    0x0800015c   0x0800015c   0x00000000   Code   RO         7107    .ARM.Collect$$rtentry$$00000009  c_p.l(__rtentry2.o)
    0x0800015c   0x0800015c   0x00000004   Code   RO         7108    .ARM.Collect$$rtentry$$0000000A  c_p.l(__rtentry2.o)
    0x08000160   0x08000160   0x00000000   Code   RO         7110    .ARM.Collect$$rtentry$$0000000C  c_p.l(__rtentry2.o)
    0x08000160   0x08000160   0x00000008   Code   RO         7111    .ARM.Collect$$rtentry$$0000000D  c_p.l(__rtentry2.o)
    0x08000168   0x08000168   0x00000002   Code   RO         7273    .ARM.Collect$$rtexit$$00000000  c_p.l(rtexit.o)
    0x0800016a   0x0800016a   0x00000000   Code   RO         7306    .ARM.Collect$$rtexit$$00000002  c_p.l(rtexit2.o)
    0x0800016a   0x0800016a   0x00000004   Code   RO         7307    .ARM.Collect$$rtexit$$00000003  c_p.l(rtexit2.o)
    0x0800016e   0x0800016e   0x00000006   Code   RO         7308    .ARM.Collect$$rtexit$$00000004  c_p.l(rtexit2.o)
    0x08000174   0x08000174   0x00000100   Code   RO          409    .emb_text           ltbl.o
    0x08000274   0x08000274   0x000000e4   Code   RO         1028    .emb_text           ltbl_dshot.o
    0x08000358   0x08000358   0x00000000   Code   RO         7123    .emb_text           c_p.l(maybetermalloc1.o)
    0x08000358   0x08000358   0x00000038   Code   RO         6545    .text               startup_stm32f0xx.o
    0x08000390   0x08000390   0x0000004c   Code   RO         6589    .text               c_p.l(h1_free.o)
    0x080003dc   0x080003dc   0x0000002a   Code   RO         6701    .text               c_p.l(aeabi_atexit.o)
    0x08000406   0x08000406   0x000001e8   Code   RO         6726    .text               c_p.l(aeabi_sdivfast.o)
    0x080005ee   0x080005ee   0x00000006   Code   RO         6730    .text               c_p.l(heapauxi.o)
    0x080005f4   0x080005f4   0x00000024   Code   RO         6737    .text               c_p.l(init_aeabi.o)
    0x08000618   0x08000618   0x00000448   Code   RO         6859    .text               fz_ps.l(ddiv.o)
    0x08000a60   0x08000a60   0x0000006c   Code   RO         6862    .text               fz_ps.l(dfixi.o)
    0x08000acc   0x08000acc   0x00000048   Code   RO         6866    .text               fz_ps.l(dfixui.o)
    0x08000b14   0x08000b14   0x00000058   Code   RO         6868    .text               fz_ps.l(dflti.o)
    0x08000b6c   0x08000b6c   0x00000248   Code   RO         6874    .text               fz_ps.l(dmul.o)
    0x08000db4   0x08000db4   0x00000060   Code   RO         6878    .text               fz_ps.l(dscalbn.o)
    0x08000e14   0x08000e14   0x00000008   Code   RO         6912    .text               c_p.l(rt_heap_descriptor_intlibspace.o)
    0x08000e1c   0x08000e1c   0x00000008   Code   RO         6922    .text               c_p.l(rt_ddtor_pointer_addr_intlibspace.o)
    0x08000e24   0x08000e24   0x00000004   Code   RO         6929    .text               c_p.l(hguard.o)
    0x08000e28   0x08000e28   0x00000088   Code   RO         6931    .text               c_p.l(init_alloc.o)
    0x08000eb0   0x08000eb0   0x00000062   Code   RO         6937    .text               c_p.l(h1_alloc.o)
    0x08000f12   0x08000f12   0x00000042   Code   RO         7029    .text               c_p.l(cxa_finalize.o)
    0x08000f54   0x08000f54   0x00000008   Code   RO         7101    .text               c_p.l(libspace.o)
    0x08000f5c   0x08000f5c   0x0000000e   Code   RO         7125    .text               c_p.l(h1_init.o)
    0x08000f6a   0x08000f6a   0x00000034   Code   RO         7127    .text               c_p.l(h1_extend.o)
    0x08000f9e   0x08000f9e   0x0000000c   Code   RO         7162    .text               c_p.l(defsig_exit.o)
    0x08000faa   0x08000faa   0x0000000c   Code   RO         7164    .text               c_p.l(defsig_rtmem_outer.o)
    0x08000fb6   0x08000fb6   0x00000002   PAD
    0x08000fb8   0x08000fb8   0x0000000c   Code   RO         7220    .text               c_p.l(sys_exit.o)
    0x08000fc4   0x08000fc4   0x0000003e   Code   RO         7222    .text               c_p.l(sys_stackheap_outer.o)
    0x08001002   0x08001002   0x00000010   Code   RO         7238    .text               c_p.l(exit.o)
    0x08001012   0x08001012   0x00000034   Code   RO         7244    .text               c_p.l(defsig_general.o)
    0x08001046   0x08001046   0x00000002   PAD
    0x08001048   0x08001048   0x00000050   Code   RO         7250    .text               c_p.l(defsig_rtmem_inner.o)
    0x08001098   0x08001098   0x0000000c   Code   RO         7267    .text               c_p.l(sys_wrch.o)
    0x080010a4   0x080010a4   0x00000002   Code   RO         7269    .text               c_p.l(use_no_semi.o)
    0x080010a6   0x080010a6   0x00000000   Code   RO         7271    .text               c_p.l(indicate_semi.o)
    0x080010a6   0x080010a6   0x00000016   Code   RO         1222    i.ADC_Cmd           stm32f0xx_adc.o
    0x080010bc   0x080010bc   0x0000001c   Code   RO         1230    i.ADC_GetFlagStatus  stm32f0xx_adc.o
    0x080010d8   0x080010d8   0x0000002c   Code   RO         1233    i.ADC_Init          stm32f0xx_adc.o
    0x08001104   0x08001104   0x0000000a   Code   RO         1236    i.ADC_StartOfConversion  stm32f0xx_adc.o
    0x0800110e   0x0800110e   0x00000002   PAD
    0x08001110   0x08001110   0x00000018   Code   RO         1804    i.DMA_Cmd           stm32f0xx_dma.o
    0x08001128   0x08001128   0x00000040   Code   RO         1810    i.DMA_Init          stm32f0xx_dma.o
    0x08001168   0x08001168   0x00000048   Code   RO         6253    i.Delay_Init        delay.o
    0x080011b0   0x080011b0   0x0000003c   Code   RO         6312    i.EXTI0_1_IRQHandler  exti.o
    0x080011ec   0x080011ec   0x0000003c   Code   RO         6313    i.EXTI2_3_IRQHandler  exti.o
    0x08001228   0x08001228   0x0000014c   Code   RO         6314    i.EXTI4_15_IRQHandler  exti.o
    0x08001374   0x08001374   0x0000000c   Code   RO         1886    i.EXTI_ClearITPendingBit  stm32f0xx_exti.o
    0x08001380   0x08001380   0x0000001c   Code   RO         1890    i.EXTI_GetITStatus  stm32f0xx_exti.o
    0x0800139c   0x0800139c   0x0000000c   Code   RO         1950    i.FLASH_ClearFlag   stm32f0xx_flash.o
    0x080013a8   0x080013a8   0x00000038   Code   RO         1952    i.FLASH_ErasePage   stm32f0xx_flash.o
    0x080013e0   0x080013e0   0x00000010   Code   RO         1957    i.FLASH_Lock        stm32f0xx_flash.o
    0x080013f0   0x080013f0   0x00000034   Code   RO         1973    i.FLASH_ProgramHalfWord  stm32f0xx_flash.o
    0x08001424   0x08001424   0x00000020   Code   RO         1977    i.FLASH_Unlock      stm32f0xx_flash.o
    0x08001444   0x08001444   0x00000058   Code   RO         1978    i.FLASH_WaitForLastOperation  stm32f0xx_flash.o
    0x0800149c   0x0800149c   0x00000072   Code   RO         2141    i.GPIO_Init         stm32f0xx_gpio.o
    0x0800150e   0x0800150e   0x00000022   Code   RO         2142    i.GPIO_PinAFConfig  stm32f0xx_gpio.o
    0x08001530   0x08001530   0x00000004   Code   RO         2148    i.GPIO_ResetBits    stm32f0xx_gpio.o
    0x08001534   0x08001534   0x000000b4   Code   RO         6368    i.GPIOx_Init        gpio.o
    0x080015e8   0x080015e8   0x00000024   Code   RO         6371    i.Get_Pinx          gpio.o
    0x0800160c   0x0800160c   0x0000001c   Code   RO            3    i.HardFault_Handler  main.o
    0x08001628   0x08001628   0x0000000c   Code   RO          410    i.LTBL_AttachCommEvent  ltbl.o
    0x08001634   0x08001634   0x0000000c   Code   RO         1029    i.LTBL_DSHOT_AttachCaptureEvent  ltbl_dshot.o
    0x08001640   0x08001640   0x00000034   Code   RO         1030    i.LTBL_DSHOT_Dispose  ltbl_dshot.o
    0x08001674   0x08001674   0x0000000c   Code   RO         1031    i.LTBL_DSHOT_GetCaptureEventHandler  ltbl_dshot.o
    0x08001680   0x08001680   0x00000054   Code   RO         1032    i.LTBL_DSHOT_Handler  ltbl_dshot.o
    0x080016d4   0x080016d4   0x000001f8   Code   RO         1033    i.LTBL_DSHOT_Init   ltbl_dshot.o
    0x080018cc   0x080018cc   0x0000000c   Code   RO          411    i.LTBL_GetAvgCommInterval  ltbl.o
    0x080018d8   0x080018d8   0x0000000c   Code   RO          412    i.LTBL_GetCommEventHandler  ltbl.o
    0x080018e4   0x080018e4   0x0000000c   Code   RO          413    i.LTBL_GetStabilityStep  ltbl.o
    0x080018f0   0x080018f0   0x00000368   Code   RO          414    i.LTBL_Init         ltbl.o
    0x08001c58   0x08001c58   0x0000000c   Code   RO         1089    i.LTBL_PWM_AttachCaptureEvent  ltbl_pwm.o
    0x08001c64   0x08001c64   0x0000002c   Code   RO         1090    i.LTBL_PWM_Dispose  ltbl_pwm.o
    0x08001c90   0x08001c90   0x0000000c   Code   RO         1091    i.LTBL_PWM_GetCaptureEventHandler  ltbl_pwm.o
    0x08001c9c   0x08001c9c   0x00000100   Code   RO         1092    i.LTBL_PWM_Handler  ltbl_pwm.o
    0x08001d9c   0x08001d9c   0x000000e4   Code   RO         1093    i.LTBL_PWM_Init     ltbl_pwm.o
    0x08001e80   0x08001e80   0x000000fc   Code   RO          415    i.LTBL_Run          ltbl.o
    0x08001f7c   0x08001f7c   0x0000009c   Code   RO          969    i.LTBL_SIGNAL_GetThrottleState  ltbl_signal.o
    0x08002018   0x08002018   0x0000000c   Code   RO          416    i.LTBL_SetMode      ltbl.o
    0x08002024   0x08002024   0x0000006c   Code   RO          417    i.LTBL_SetPWMMode   ltbl.o
    0x08002090   0x08002090   0x000000e8   Code   RO          970    i.LTBL_Signal_GetSignalType  ltbl_signal.o
    0x08002178   0x08002178   0x0000000c   Code   RO          418    i.LTBL_Stop         ltbl.o
    0x08002184   0x08002184   0x00000254   Code   RO          419    i.LTBL_Tone         ltbl.o
    0x080023d8   0x080023d8   0x00000014   Code   RO          420    i.LTBL_UpdateThrottle  ltbl.o
    0x080023ec   0x080023ec   0x000000b8   Code   RO         6413    i.PWM_Init          pwm.o
    0x080024a4   0x080024a4   0x00000018   Code   RO         2676    i.RCC_AHBPeriphClockCmd  stm32f0xx_rcc.o
    0x080024bc   0x080024bc   0x00000018   Code   RO         2678    i.RCC_APB1PeriphClockCmd  stm32f0xx_rcc.o
    0x080024d4   0x080024d4   0x00000018   Code   RO         2679    i.RCC_APB1PeriphResetCmd  stm32f0xx_rcc.o
    0x080024ec   0x080024ec   0x00000018   Code   RO         2680    i.RCC_APB2PeriphClockCmd  stm32f0xx_rcc.o
    0x08002504   0x08002504   0x00000018   Code   RO         2681    i.RCC_APB2PeriphResetCmd  stm32f0xx_rcc.o
    0x0800251c   0x0800251c   0x00000034   Code   RO         2691    i.RCC_GetFlagStatus  stm32f0xx_rcc.o
    0x08002550   0x08002550   0x00000010   Code   RO         2693    i.RCC_GetSYSCLKSource  stm32f0xx_rcc.o
    0x08002560   0x08002560   0x00000014   Code   RO         2694    i.RCC_HCLKConfig    stm32f0xx_rcc.o
    0x08002574   0x08002574   0x0000001c   Code   RO         2698    i.RCC_HSICmd        stm32f0xx_rcc.o
    0x08002590   0x08002590   0x00000014   Code   RO         2705    i.RCC_PCLKConfig    stm32f0xx_rcc.o
    0x080025a4   0x080025a4   0x0000001c   Code   RO         2706    i.RCC_PLLCmd        stm32f0xx_rcc.o
    0x080025c0   0x080025c0   0x00000020   Code   RO         2707    i.RCC_PLLConfig     stm32f0xx_rcc.o
    0x080025e0   0x080025e0   0x00000014   Code   RO         2711    i.RCC_SYSCLKConfig  stm32f0xx_rcc.o
    0x080025f4   0x080025f4   0x00000010   Code   RO         6254    i.SysTick_Handler   delay.o
    0x08002604   0x08002604   0x00000070   Code   RO         6551    i.SystemCoreClockUpdate  system_stm32f0xx.o
    0x08002674   0x08002674   0x000000e8   Code   RO         6552    i.SystemInit        system_stm32f0xx.o
    0x0800275c   0x0800275c   0x00000028   Code   RO         6476    i.TIM14_IRQHandler  timer.o
    0x08002784   0x08002784   0x00000028   Code   RO         6477    i.TIM15_IRQHandler  timer.o
    0x080027ac   0x080027ac   0x00000028   Code   RO         6478    i.TIM16_IRQHandler  timer.o
    0x080027d4   0x080027d4   0x00000028   Code   RO         6479    i.TIM17_IRQHandler  timer.o
    0x080027fc   0x080027fc   0x0000000c   Code   RO          971    i.TIM2_IRQHandler   ltbl_signal.o
    0x08002808   0x08002808   0x00000028   Code   RO         6480    i.TIM3_IRQHandler   timer.o
    0x08002830   0x08002830   0x00000006   Code   RO         3505    i.TIM_ClearITPendingBit  stm32f0xx_tim.o
    0x08002836   0x08002836   0x00000014   Code   RO         3510    i.TIM_Cmd           stm32f0xx_tim.o
    0x0800284a   0x0800284a   0x00000018   Code   RO         3512    i.TIM_CtrlPWMOutputs  stm32f0xx_tim.o
    0x08002862   0x08002862   0x00000010   Code   RO         3513    i.TIM_DMACmd        stm32f0xx_tim.o
    0x08002872   0x08002872   0x00000002   PAD
    0x08002874   0x08002874   0x000000e0   Code   RO         3515    i.TIM_DeInit        stm32f0xx_tim.o
    0x08002954   0x08002954   0x00000018   Code   RO         3531    i.TIM_GetITStatus   stm32f0xx_tim.o
    0x0800296c   0x0800296c   0x0000011c   Code   RO         3533    i.TIM_ICInit        stm32f0xx_tim.o
    0x08002a88   0x08002a88   0x00000010   Code   RO         3534    i.TIM_ICStructInit  stm32f0xx_tim.o
    0x08002a98   0x08002a98   0x00000010   Code   RO         3535    i.TIM_ITConfig      stm32f0xx_tim.o
    0x08002aa8   0x08002aa8   0x00000080   Code   RO         3539    i.TIM_OC1Init       stm32f0xx_tim.o
    0x08002b28   0x08002b28   0x0000000c   Code   RO         3542    i.TIM_OC1PreloadConfig  stm32f0xx_tim.o
    0x08002b34   0x08002b34   0x0000007c   Code   RO         3544    i.TIM_OC2Init       stm32f0xx_tim.o
    0x08002bb0   0x08002bb0   0x00000014   Code   RO         3547    i.TIM_OC2PreloadConfig  stm32f0xx_tim.o
    0x08002bc4   0x08002bc4   0x00000088   Code   RO         3549    i.TIM_OC3Init       stm32f0xx_tim.o
    0x08002c4c   0x08002c4c   0x0000000c   Code   RO         3552    i.TIM_OC3PreloadConfig  stm32f0xx_tim.o
    0x08002c58   0x08002c58   0x00000064   Code   RO         3554    i.TIM_OC4Init       stm32f0xx_tim.o
    0x08002cbc   0x08002cbc   0x00000014   Code   RO         3556    i.TIM_OC4PreloadConfig  stm32f0xx_tim.o
    0x08002cd0   0x08002cd0   0x00000014   Code   RO         3557    i.TIM_OCStructInit  stm32f0xx_tim.o
    0x08002ce4   0x08002ce4   0x0000000c   Code   RO         3564    i.TIM_SelectInputTrigger  stm32f0xx_tim.o
    0x08002cf0   0x08002cf0   0x00000010   Code   RO         3565    i.TIM_SelectMasterSlaveMode  stm32f0xx_tim.o
    0x08002d00   0x08002d00   0x00000010   Code   RO         3570    i.TIM_SelectSlaveMode  stm32f0xx_tim.o
    0x08002d10   0x08002d10   0x00000078   Code   RO         3583    i.TIM_TimeBaseInit  stm32f0xx_tim.o
    0x08002d88   0x08002d88   0x00000012   Code   RO         3584    i.TIM_TimeBaseStructInit  stm32f0xx_tim.o
    0x08002d9a   0x08002d9a   0x00000002   PAD
    0x08002d9c   0x08002d9c   0x00000120   Code   RO         6414    i.TIMx_Init         pwm.o
    0x08002ebc   0x08002ebc   0x0000004c   Code   RO         4420    i.USART1_IRQHandler  hardwareserial.o
    0x08002f08   0x08002f08   0x0000004c   Code   RO         4421    i.USART2_IRQHandler  hardwareserial.o
    0x08002f54   0x08002f54   0x0000000a   Code   RO         4048    i.USART_ClearITPendingBit  stm32f0xx_usart.o
    0x08002f5e   0x08002f5e   0x0000003c   Code   RO         4060    i.USART_GetITStatus  stm32f0xx_usart.o
    0x08002f9a   0x08002f9a   0x00000008   Code   RO         4075    i.USART_ReceiveData  stm32f0xx_usart.o
    0x08002fa2   0x08002fa2   0x00000002   PAD
    0x08002fa4   0x08002fa4   0x00000174   Code   RO         1135    i._Z11commHandlerv  identification.o
    0x08003118   0x08003118   0x00000098   Code   RO          313    i._Z15Config_LoadDatav  config.o
    0x080031b0   0x080031b0   0x0000009c   Code   RO          314    i._Z15Config_SaveDatav  config.o
    0x0800324c   0x0800324c   0x000000a8   Code   RO            4    i._Z16Motor_Commucatedv  main.o
    0x080032f4   0x080032f4   0x00000028   Code   RO          315    i._Z19Config_RegesterDataPvj  config.o
    0x0800331c   0x0800331c   0x0000001c   Code   RO         1136    i._Z19Identification_Initv  identification.o
    0x08003338   0x08003338   0x000000d0   Code   RO            6    i._Z19Signal_PWM_Capturedi  main.o
    0x08003408   0x08003408   0x0000004c   Code   RO         1138    i._Z20Identification_Beginv  identification.o
    0x08003454   0x08003454   0x00000008   Code   RO            8    i._Z21Signal_DSHOT_CapturediPh  main.o
    0x0800345c   0x0800345c   0x00000044   Code   RO         1139    i._Z21ltblPWMSignalCapturedi  identification.o
    0x080034a0   0x080034a0   0x00000044   Code   RO         1140    i._Z23ltblDshotSignalCapturediPh  identification.o
    0x080034e4   0x080034e4   0x00000054   Code   RO         1141    i._Z31Identification_GetBrakeThrottlesj  identification.o
    0x08003538   0x08003538   0x000000a4   Code   RO         1142    i._Z32Identification_GetCommonThrottlej  identification.o
    0x080035dc   0x080035dc   0x00000014   Code   RO         5318    i._ZN7TwoWireD1Ev   wire.o
    0x080035f0   0x080035f0   0x00000012   Code   RO         6743    i.__cxa_guard_acquire  cpprt_p.l(cxa_guard_acquire.o)
    0x08003602   0x08003602   0x00000002   PAD
    0x08003604   0x08003604   0x00000040   Code   RO         4434    i.__sti___18_HardwareSerial_cpp_cfa1b6a6  hardwareserial.o
    0x08003644   0x08003644   0x00000020   Code   RO         4867    i.__sti___7_SPI_cpp_ce5662b4  spi.o
    0x08003664   0x08003664   0x00000034   Code   RO         5319    i.__sti___8_Wire_cpp_928ee5ff  wire.o
    0x08003698   0x08003698   0x0000001c   Code   RO           17    i.__sti___8_main_cpp_d405580c  main.o
    0x080036b4   0x080036b4   0x00000014   Code   RO         6255    i.delay_ms          delay.o
    0x080036c8   0x080036c8   0x0000004c   Code   RO         6256    i.delay_us          delay.o
    0x08003714   0x08003714   0x000000ec   Code   RO          421    i.ltblBrakeModeStep0  ltbl.o
    0x08003800   0x08003800   0x000000ec   Code   RO          422    i.ltblBrakeModeStep1  ltbl.o
    0x080038ec   0x080038ec   0x000000ec   Code   RO          423    i.ltblBrakeModeStep2  ltbl.o
    0x080039d8   0x080039d8   0x000000ec   Code   RO          424    i.ltblBrakeModeStep3  ltbl.o
    0x08003ac4   0x08003ac4   0x000000ec   Code   RO          425    i.ltblBrakeModeStep4  ltbl.o
    0x08003bb0   0x08003bb0   0x000000ec   Code   RO          426    i.ltblBrakeModeStep5  ltbl.o
    0x08003c9c   0x08003c9c   0x00000014   Code   RO          972    i.ltblDshotSignalCaptured  ltbl_signal.o
    0x08003cb0   0x08003cb0   0x00000068   Code   RO          427    i.ltblEnablePWM     ltbl.o
    0x08003d18   0x08003d18   0x000000e8   Code   RO          428    i.ltblFreeModeStep0  ltbl.o
    0x08003e00   0x08003e00   0x000000ec   Code   RO          429    i.ltblFreeModeStep1  ltbl.o
    0x08003eec   0x08003eec   0x000000ec   Code   RO          430    i.ltblFreeModeStep2  ltbl.o
    0x08003fd8   0x08003fd8   0x000000ec   Code   RO          431    i.ltblFreeModeStep3  ltbl.o
    0x080040c4   0x080040c4   0x000000e8   Code   RO          432    i.ltblFreeModeStep4  ltbl.o
    0x080041ac   0x080041ac   0x000000ec   Code   RO          433    i.ltblFreeModeStep5  ltbl.o
    0x08004298   0x08004298   0x00000284   Code   RO          434    i.ltblGetPhaseValue  ltbl.o
    0x0800451c   0x0800451c   0x000000ec   Code   RO          436    i.ltblNormalModeStep0  ltbl.o
    0x08004608   0x08004608   0x000000ec   Code   RO          437    i.ltblNormalModeStep1  ltbl.o
    0x080046f4   0x080046f4   0x000000ec   Code   RO          438    i.ltblNormalModeStep2  ltbl.o
    0x080047e0   0x080047e0   0x000000ec   Code   RO          439    i.ltblNormalModeStep3  ltbl.o
    0x080048cc   0x080048cc   0x000000ec   Code   RO          440    i.ltblNormalModeStep4  ltbl.o
    0x080049b8   0x080049b8   0x000000ec   Code   RO          441    i.ltblNormalModeStep5  ltbl.o
    0x08004aa4   0x08004aa4   0x00000014   Code   RO          973    i.ltblPWMSignalCaptured  ltbl_signal.o
    0x08004ab8   0x08004ab8   0x00000058   Code   RO          442    i.ltblPinToAF       ltbl.o
    0x08004b10   0x08004b10   0x00000044   Code   RO          443    i.ltblPinToPP       ltbl.o
    0x08004b54   0x08004b54   0x000000ec   Code   RO          444    i.ltblReverseModeStep0  ltbl.o
    0x08004c40   0x08004c40   0x000000ec   Code   RO          445    i.ltblReverseModeStep1  ltbl.o
    0x08004d2c   0x08004d2c   0x000000ec   Code   RO          446    i.ltblReverseModeStep2  ltbl.o
    0x08004e18   0x08004e18   0x000000ec   Code   RO          447    i.ltblReverseModeStep3  ltbl.o
    0x08004f04   0x08004f04   0x000000ec   Code   RO          448    i.ltblReverseModeStep4  ltbl.o
    0x08004ff0   0x08004ff0   0x000000ec   Code   RO          449    i.ltblReverseModeStep5  ltbl.o
    0x080050dc   0x080050dc   0x000001d8   Code   RO          450    i.ltblStartup1ModeStep0  ltbl.o
    0x080052b4   0x080052b4   0x000001d8   Code   RO          451    i.ltblStartup1ModeStep1  ltbl.o
    0x0800548c   0x0800548c   0x000001d8   Code   RO          452    i.ltblStartup1ModeStep2  ltbl.o
    0x08005664   0x08005664   0x000001d8   Code   RO          453    i.ltblStartup1ModeStep3  ltbl.o
    0x0800583c   0x0800583c   0x000001d8   Code   RO          454    i.ltblStartup1ModeStep4  ltbl.o
    0x08005a14   0x08005a14   0x000001d8   Code   RO          455    i.ltblStartup1ModeStep5  ltbl.o
    0x08005bec   0x08005bec   0x0000000c   Code   RO          474    i.ltblUpdateThrottleBrake  ltbl.o
    0x08005bf8   0x08005bf8   0x0000000c   Code   RO          475    i.ltblUpdateThrottleFree  ltbl.o
    0x08005c04   0x08005c04   0x0000002c   Code   RO          476    i.ltblUpdateThrottleNormal  ltbl.o
    0x08005c30   0x08005c30   0x0000002c   Code   RO          477    i.ltblUpdateThrottleReverse  ltbl.o
    0x08005c5c   0x08005c5c   0x0000001c   Code   RO          478    i.ltblUpdateThrottleStartup1  ltbl.o
    0x08005c78   0x08005c78   0x000002dc   Code   RO           18    i.main              main.o
    0x08005f54   0x08005f54   0x00000016   Code   RO         6075    i.map               arduino.o
    0x08005f6a   0x08005f6a   0x00000002   PAD
    0x08005f6c   0x08005f6c   0x0000000c   Code   RO         6258    i.millis            delay.o
    0x08005f78   0x08005f78   0x00000030   Code   RO         6076    i.pinMode           arduino.o
    0x08005fa8   0x08005fa8   0x00000000   Code   RO         7100    x$fpl$usenofp       fz_ps.l(usenofp.o)
    0x08005fa8   0x08005fa8   0x0000005c   Data   RO          480    .constdata          ltbl.o
    0x08006004   0x08006004   0x00000004   Data   RO          481    .constdata          ltbl.o
    0x08006008   0x08006008   0x00000780   Data   RO         6372    .constdata          gpio.o
    0x08006788   0x08006788   0x00000080   Data   RO         6860    .constdata          fz_ps.l(ddiv.o)
    0x08006808   0x08006808   0x00000024   Data   RO         4524    .constdata__ZTV14HardwareSerial  hardwareserial.o
    0x0800682c   0x0800682c   0x00000010   Data   RO         5401    .constdata__ZTV7TwoWire  wire.o
    0x0800683c   0x0800683c   0x00000020   Data   RO         7366    Region$$Table       anon$$obj.o
    0x0800685c   0x0800685c   0x00000004   Data   RO           36    .init_array         main.o
    0x08006860   0x0800685c   0x00000004   Data   RO         4451    .init_array         hardwareserial.o
    0x08006864   0x0800685c   0x00000004   Data   RO         4893    .init_array         spi.o
    0x08006868   0x0800685c   0x00000004   Data   RO         5335    .init_array         wire.o
    0x0800686c   0x0800685c   0x00000000   Data   RO         6735    .init_array         c_p.l(init_aeabi.o)


    Execution Region RW_IRAM1 (Exec base: 0x20000000, Load base: 0x0800686c, Size: 0x00000ce0, Max: 0x00002000, ABSOLUTE)

    Exec Addr    Load Addr    Size         Type   Attr      Idx    E Section Name        Object

    0x20000000   0x0800686c   0x00000020   Data   RW           35    .data               main.o
    0x20000020   0x0800688c   0x00000004   Data   RW          320    .data               config.o
    0x20000024   0x08006890   0x00000054   Data   RW          482    .data               ltbl.o
    0x20000078   0x080068e4   0x00000004   Data   RW          483    .data               ltbl.o
    0x2000007c   0x080068e8   0x00000004   Data   RW          484    .data               ltbl.o
    0x20000080   0x080068ec   0x0000000c   Data   RW          974    .data               ltbl_signal.o
    0x2000008c   0x080068f8   0x00000018   Data   RW         1036    .data               ltbl_dshot.o
    0x200000a4   0x08006910   0x00000014   Data   RW         1094    .data               ltbl_pwm.o
    0x200000b8   0x08006924   0x0000001c   Data   RW         1152    .data               identification.o
    0x200000d4   0x08006940   0x00000004   Data   RW         6259    .data               delay.o
    0x200000d8   0x08006944   0x00000014   Data   RW         6553    .data               system_stm32f0xx.o
    0x200000ec        -       0x00000100   Zero   RW          319    .bss                config.o
    0x200001ec        -       0x000000e4   Zero   RW          479    .bss                ltbl.o
    0x200002d0        -       0x00000140   Zero   RW         1035    .bss                ltbl_dshot.o
    0x20000410        -       0x00000050   Zero   RW         1151    .bss                identification.o
    0x20000460        -       0x00000138   Zero   RW         4450    .bss                hardwareserial.o
    0x20000598        -       0x00000030   Zero   RW         4892    .bss                spi.o
    0x200005c8        -       0x00000058   Zero   RW         5334    .bss                wire.o
    0x20000620        -       0x00000040   Zero   RW         6318    .bss                exti.o
    0x20000660        -       0x0000001c   Zero   RW         6484    .bss                timer.o
    0x2000067c        -       0x00000060   Zero   RW         7102    .bss                c_p.l(libspace.o)
    0x200006dc   0x08006958   0x00000004   PAD
    0x200006e0        -       0x00000200   Zero   RW         6543    HEAP                startup_stm32f0xx.o
    0x200008e0        -       0x00000400   Zero   RW         6542    STACK               startup_stm32f0xx.o


==============================================================================

Image component sizes


      Code (inc. data)   RO Data    RW Data    ZI Data      Debug   Object Name

        70          6          0          0          0       1184   arduino.o
       348         64          0          4        256       3826   config.o
       196         48          0          4          0      10250   delay.o
       452         18          0          0         64       3089   exti.o
       216         24       1920          0          0       3939   gpio.o
       216         38         40          0        312      16085   hardwareserial.o
       860         90          0         28         80       8835   identification.o
     11708       1886         96         92        228     238812   ltbl.o
       892         90          0         24        320      11918   ltbl_dshot.o
       552         70          0         20          0       3842   ltbl_pwm.o
       440         54          0         12          0       7377   ltbl_signal.o
      1172         86          4         32          0     185158   main.o
       472         58          0          0          0       2186   pwm.o
        32         18          4          0         48     155248   spi.o
        56         26        192          0       1536        620   startup_stm32f0xx.o
       104          4          0          0          0      10509   stm32f0xx_adc.o
        88         10          0          0          0       7365   stm32f0xx_dma.o
        40         10          0          0          0       1108   stm32f0xx_exti.o
       256         38          0          0          0       7371   stm32f0xx_flash.o
       152          0          0          0          0       6648   stm32f0xx_gpio.o
       336         74          0          0          0      17941   stm32f0xx_rcc.o
      1384        174          0          0          0      36322   stm32f0xx_tim.o
        78          0          0          0          0      11922   stm32f0xx_usart.o
       344         38          0         20          0       2165   system_stm32f0xx.o
       200         40          0          0         28       3281   timer.o
        72         22         20          0         88       3039   wire.o

    ----------------------------------------------------------------------
     20746       2986       2308        236       2960     760040   Object Totals
         0          0         32          0          0          0   (incl. Generated)
        10          0          0          0          0          0   (incl. Padding)

    ----------------------------------------------------------------------

      Code (inc. data)   RO Data    RW Data    ZI Data      Debug   Library Member Name

         8          0          0          0          0         68   __main.o
         0          0          0          0          0          0   __rtentry.o
        12          0          0          0          0          0   __rtentry2.o
         6          0          0          0          0          0   __rtentry4.o
        60          8          0          0          0          0   __scatter.o
        26          0          0          0          0          0   __scatter_copy.o
        28          0          0          0          0          0   __scatter_zi.o
        42          0          0          0          0         76   aeabi_atexit.o
       488          0          0          0          0         92   aeabi_sdivfast.o
        66          0          0          0          0         76   cxa_finalize.o
        12          0          0          0          0         68   defsig_exit.o
        52          0          0          0          0         72   defsig_general.o
        80         58          0          0          0         68   defsig_rtmem_inner.o
        12          0          0          0          0         68   defsig_rtmem_outer.o
        16          0          0          0          0         68   exit.o
        98          0          0          0          0         72   h1_alloc.o
        52          0          0          0          0         68   h1_extend.o
        76          0          0          0          0         72   h1_free.o
        14          0          0          0          0         76   h1_init.o
         6          0          0          0          0        136   heapauxi.o
         4          0          0          0          0        120   hguard.o
         0          0          0          0          0          0   indicate_semi.o
        36         10          0          0          0         72   init_aeabi.o
       136          0          0          0          0        160   init_alloc.o
         2          0          0          0          0          0   libinit.o
        14          0          0          0          0          0   libinit2.o
         2          0          0          0          0          0   libshutdown.o
         8          0          0          0          0          0   libshutdown2.o
         8          4          0          0         96         68   libspace.o
         0          0          0          0          0          0   maybetermalloc1.o
         8          4          0          0          0         68   rt_ddtor_pointer_addr_intlibspace.o
         8          4          0          0          0         68   rt_heap_descriptor_intlibspace.o
         2          0          0          0          0          0   rtexit.o
        10          0          0          0          0          0   rtexit2.o
        12          4          0          0          0         60   sys_exit.o
        62          0          0          0          0         80   sys_stackheap_outer.o
        12          0          0          0          0         68   sys_wrch.o
         2          0          0          0          0         68   use_no_semi.o
        18          0          0          0          0         60   cxa_guard_acquire.o
      1096         26        128          0          0        112   ddiv.o
       108         10          0          0          0         72   dfixi.o
        72          4          0          0          0         68   dfixui.o
        88          0          0          0          0         92   dflti.o
       584         26          0          0          0         84   dmul.o
        96         12          0          0          0         72   dscalbn.o
         0          0          0          0          0          0   usenofp.o

    ----------------------------------------------------------------------
      3550        170        128          0        100       2472   Library Totals
         8          0          0          0          4          0   (incl. Padding)

    ----------------------------------------------------------------------

      Code (inc. data)   RO Data    RW Data    ZI Data      Debug   Library Name

      1480         92          0          0         96       1912   c_p.l
        18          0          0          0          0         60   cpprt_p.l
      2044         78        128          0          0        500   fz_ps.l

    ----------------------------------------------------------------------
      3550        170        128          0        100       2472   Library Totals

    ----------------------------------------------------------------------

==============================================================================


      Code (inc. data)   RO Data    RW Data    ZI Data      Debug   

     24296       3156       2436        236       3060     754152   Grand Totals
     24296       3156       2436        236       3060     754152   ELF Image Totals
     24296       3156       2436        236          0          0   ROM Totals

==============================================================================

    Total RO  Size (Code + RO Data)                26732 (  26.11kB)
    Total RW  Size (RW Data + ZI Data)              3296 (   3.22kB)
    Total ROM Size (Code + RO Data + RW Data)      26968 (  26.34kB)

==============================================================================

